[    2326ms] [INFO] %cDownload the React DevTools for a better development experience: https://react.dev/link/react-devtools font-weight:bold @ http://localhost:3002/_next/static/chunks/node_modules_next_dist_1e8vcs8._.js:776
[    2347ms] [LOG] [HMR] connected @ http://localhost:3002/_next/static/chunks/node_modules_next_dist_1e8vcs8._.js:776
[   21507ms] [LOG] [Fast Refresh] rebuilding @ http://localhost:3002/_next/static/chunks/node_modules_next_dist_1e8vcs8._.js:776
[   22317ms] [LOG] [Fast Refresh] done in 896ms @ http://localhost:3002/_next/static/chunks/node_modules_next_dist_1e8vcs8._.js:776
[   22374ms] [LOG] [Fast Refresh] done in 896ms @ http://localhost:3002/_next/static/chunks/node_modules_next_dist_1e8vcs8._.js:776
[   22424ms] [LOG] [Fast Refresh] done in 896ms @ http://localhost:3002/_next/static/chunks/node_modules_next_dist_1e8vcs8._.js:776
[   22474ms] [LOG] [Fast Refresh] done in 896ms @ http://localhost:3002/_next/static/chunks/node_modules_next_dist_1e8vcs8._.js:776
[   22523ms] [LOG] [Fast Refresh] done in 896ms @ http://localhost:3002/_next/static/chunks/node_modules_next_dist_1e8vcs8._.js:776
[   22573ms] [LOG] [Fast Refresh] done in 896ms @ http://localhost:3002/_next/static/chunks/node_modules_next_dist_1e8vcs8._.js:776
[   22621ms] [LOG] [Fast Refresh] done in 896ms @ http://localhost:3002/_next/static/chunks/node_modules_next_dist_1e8vcs8._.js:776
[   22682ms] [LOG] [Fast Refresh] done in 896ms @ http://localhost:3002/_next/static/chunks/node_modules_next_dist_1e8vcs8._.js:776
[   22737ms] [LOG] [Fast Refresh] done in 896ms @ http://localhost:3002/_next/static/chunks/node_modules_next_dist_1e8vcs8._.js:776
[   22789ms] [LOG] [Fast Refresh] done in 896ms @ http://localhost:3002/_next/static/chunks/node_modules_next_dist_1e8vcs8._.js:776
[   22840ms] [LOG] [Fast Refresh] done in 896ms @ http://localhost:3002/_next/static/chunks/node_modules_next_dist_1e8vcs8._.js:776
[   22893ms] [LOG] [Fast Refresh] done in 896ms @ http://localhost:3002/_next/static/chunks/node_modules_next_dist_1e8vcs8._.js:776
[   22946ms] [LOG] [Fast Refresh] done in 896ms @ http://localhost:3002/_next/static/chunks/node_modules_next_dist_1e8vcs8._.js:776
[   22998ms] [LOG] [Fast Refresh] done in 896ms @ http://localhost:3002/_next/static/chunks/node_modules_next_dist_1e8vcs8._.js:776
[   23069ms] [LOG] [Fast Refresh] done in 896ms @ http://localhost:3002/_next/static/chunks/node_modules_next_dist_1e8vcs8._.js:776
[   23122ms] [LOG] [Fast Refresh] done in 896ms @ http://localhost:3002/_next/static/chunks/node_modules_next_dist_1e8vcs8._.js:776
[   23171ms] [LOG] [Fast Refresh] done in 896ms @ http://localhost:3002/_next/static/chunks/node_modules_next_dist_1e8vcs8._.js:776
[   23222ms] [LOG] [Fast Refresh] done in 896ms @ http://localhost:3002/_next/static/chunks/node_modules_next_dist_1e8vcs8._.js:776
[   23274ms] [LOG] [Fast Refresh] done in 896ms @ http://localhost:3002/_next/static/chunks/node_modules_next_dist_1e8vcs8._.js:776
[   23324ms] [LOG] [Fast Refresh] done in 896ms @ http://localhost:3002/_next/static/chunks/node_modules_next_dist_1e8vcs8._.js:776
[   23390ms] [LOG] [Fast Refresh] done in 896ms @ http://localhost:3002/_next/static/chunks/node_modules_next_dist_1e8vcs8._.js:776
[   23463ms] [LOG] [Fast Refresh] done in 896ms @ http://localhost:3002/_next/static/chunks/node_modules_next_dist_1e8vcs8._.js:776
[   23519ms] [LOG] [Fast Refresh] done in 896ms @ http://localhost:3002/_next/static/chunks/node_modules_next_dist_1e8vcs8._.js:776
[   23571ms] [LOG] [Fast Refresh] done in 896ms @ http://localhost:3002/_next/static/chunks/node_modules_next_dist_1e8vcs8._.js:776
[   23623ms] [LOG] [Fast Refresh] done in 896ms @ http://localhost:3002/_next/static/chunks/node_modules_next_dist_1e8vcs8._.js:776
[   23676ms] [LOG] [Fast Refresh] done in 896ms @ http://localhost:3002/_next/static/chunks/node_modules_next_dist_1e8vcs8._.js:776
[   23728ms] [LOG] [Fast Refresh] done in 896ms @ http://localhost:3002/_next/static/chunks/node_modules_next_dist_1e8vcs8._.js:776
[   23800ms] [LOG] [Fast Refresh] done in 896ms @ http://localhost:3002/_next/static/chunks/node_modules_next_dist_1e8vcs8._.js:776
[   23853ms] [LOG] [Fast Refresh] done in 896ms @ http://localhost:3002/_next/static/chunks/node_modules_next_dist_1e8vcs8._.js:776
[   23908ms] [LOG] [Fast Refresh] done in 896ms @ http://localhost:3002/_next/static/chunks/node_modules_next_dist_1e8vcs8._.js:776
[   23960ms] [LOG] [Fast Refresh] done in 896ms @ http://localhost:3002/_next/static/chunks/node_modules_next_dist_1e8vcs8._.js:776
[   24021ms] [LOG] [Fast Refresh] done in 896ms @ http://localhost:3002/_next/static/chunks/node_modules_next_dist_1e8vcs8._.js:776
[   24071ms] [LOG] [Fast Refresh] done in 896ms @ http://localhost:3002/_next/static/chunks/node_modules_next_dist_1e8vcs8._.js:776
[   24158ms] [LOG] [Fast Refresh] done in 896ms @ http://localhost:3002/_next/static/chunks/node_modules_next_dist_1e8vcs8._.js:776
[   24212ms] [LOG] [Fast Refresh] done in 896ms @ http://localhost:3002/_next/static/chunks/node_modules_next_dist_1e8vcs8._.js:776
[   24268ms] [LOG] [Fast Refresh] done in 896ms @ http://localhost:3002/_next/static/chunks/node_modules_next_dist_1e8vcs8._.js:776
[   24322ms] [LOG] [Fast Refresh] done in 896ms @ http://localhost:3002/_next/static/chunks/node_modules_next_dist_1e8vcs8._.js:776
[   24373ms] [LOG] [Fast Refresh] done in 896ms @ http://localhost:3002/_next/static/chunks/node_modules_next_dist_1e8vcs8._.js:776
[   24423ms] [LOG] [Fast Refresh] done in 896ms @ http://localhost:3002/_next/static/chunks/node_modules_next_dist_1e8vcs8._.js:776
[   24472ms] [LOG] [Fast Refresh] done in 896ms @ http://localhost:3002/_next/static/chunks/node_modules_next_dist_1e8vcs8._.js:776
[   24523ms] [LOG] [Fast Refresh] done in 896ms @ http://localhost:3002/_next/static/chunks/node_modules_next_dist_1e8vcs8._.js:776
[   24570ms] [LOG] [Fast Refresh] done in 896ms @ http://localhost:3002/_next/static/chunks/node_modules_next_dist_1e8vcs8._.js:776
[   24621ms] [LOG] [Fast Refresh] done in 896ms @ http://localhost:3002/_next/static/chunks/node_modules_next_dist_1e8vcs8._.js:776
[   24670ms] [LOG] [Fast Refresh] done in 896ms @ http://localhost:3002/_next/static/chunks/node_modules_next_dist_1e8vcs8._.js:776
[   24720ms] [LOG] [Fast Refresh] done in 896ms @ http://localhost:3002/_next/static/chunks/node_modules_next_dist_1e8vcs8._.js:776
[   24770ms] [LOG] [Fast Refresh] done in 896ms @ http://localhost:3002/_next/static/chunks/node_modules_next_dist_1e8vcs8._.js:776
[   24822ms] [LOG] [Fast Refresh] done in 896ms @ http://localhost:3002/_next/static/chunks/node_modules_next_dist_1e8vcs8._.js:776
[   24873ms] [LOG] [Fast Refresh] done in 896ms @ http://localhost:3002/_next/static/chunks/node_modules_next_dist_1e8vcs8._.js:776
[   24923ms] [LOG] [Fast Refresh] done in 896ms @ http://localhost:3002/_next/static/chunks/node_modules_next_dist_1e8vcs8._.js:776
[   24974ms] [LOG] [Fast Refresh] done in 896ms @ http://localhost:3002/_next/static/chunks/node_modules_next_dist_1e8vcs8._.js:776
[   25025ms] [LOG] [Fast Refresh] done in 896ms @ http://localhost:3002/_next/static/chunks/node_modules_next_dist_1e8vcs8._.js:776
[   25075ms] [LOG] [Fast Refresh] done in 896ms @ http://localhost:3002/_next/static/chunks/node_modules_next_dist_1e8vcs8._.js:776
[   25123ms] [LOG] [Fast Refresh] done in 896ms @ http://localhost:3002/_next/static/chunks/node_modules_next_dist_1e8vcs8._.js:776
[   25172ms] [LOG] [Fast Refresh] done in 896ms @ http://localhost:3002/_next/static/chunks/node_modules_next_dist_1e8vcs8._.js:776
[   25223ms] [LOG] [Fast Refresh] done in 896ms @ http://localhost:3002/_next/static/chunks/node_modules_next_dist_1e8vcs8._.js:776
[   25272ms] [LOG] [Fast Refresh] done in 896ms @ http://localhost:3002/_next/static/chunks/node_modules_next_dist_1e8vcs8._.js:776
[   25323ms] [LOG] [Fast Refresh] done in 896ms @ http://localhost:3002/_next/static/chunks/node_modules_next_dist_1e8vcs8._.js:776
[   25371ms] [LOG] [Fast Refresh] done in 896ms @ http://localhost:3002/_next/static/chunks/node_modules_next_dist_1e8vcs8._.js:776
[   25421ms] [LOG] [Fast Refresh] done in 896ms @ http://localhost:3002/_next/static/chunks/node_modules_next_dist_1e8vcs8._.js:776
[   25469ms] [LOG] [Fast Refresh] done in 896ms @ http://localhost:3002/_next/static/chunks/node_modules_next_dist_1e8vcs8._.js:776
[   25519ms] [LOG] [Fast Refresh] done in 896ms @ http://localhost:3002/_next/static/chunks/node_modules_next_dist_1e8vcs8._.js:776
[   25569ms] [LOG] [Fast Refresh] done in 896ms @ http://localhost:3002/_next/static/chunks/node_modules_next_dist_1e8vcs8._.js:776
[   25618ms] [LOG] [Fast Refresh] done in 896ms @ http://localhost:3002/_next/static/chunks/node_modules_next_dist_1e8vcs8._.js:776
[   25667ms] [LOG] [Fast Refresh] done in 896ms @ http://localhost:3002/_next/static/chunks/node_modules_next_dist_1e8vcs8._.js:776
[   25718ms] [LOG] [Fast Refresh] done in 896ms @ http://localhost:3002/_next/static/chunks/node_modules_next_dist_1e8vcs8._.js:776
[   25769ms] [LOG] [Fast Refresh] done in 896ms @ http://localhost:3002/_next/static/chunks/node_modules_next_dist_1e8vcs8._.js:776
[   25819ms] [LOG] [Fast Refresh] done in 896ms @ http://localhost:3002/_next/static/chunks/node_modules_next_dist_1e8vcs8._.js:776
[   25868ms] [LOG] [Fast Refresh] done in 896ms @ http://localhost:3002/_next/static/chunks/node_modules_next_dist_1e8vcs8._.js:776
[   25918ms] [LOG] [Fast Refresh] done in 896ms @ http://localhost:3002/_next/static/chunks/node_modules_next_dist_1e8vcs8._.js:776
[   25969ms] [LOG] [Fast Refresh] done in 896ms @ http://localhost:3002/_next/static/chunks/node_modules_next_dist_1e8vcs8._.js:776
[   26021ms] [LOG] [Fast Refresh] done in 896ms @ http://localhost:3002/_next/static/chunks/node_modules_next_dist_1e8vcs8._.js:776
[   26069ms] [LOG] [Fast Refresh] done in 896ms @ http://localhost:3002/_next/static/chunks/node_modules_next_dist_1e8vcs8._.js:776
[   26118ms] [LOG] [Fast Refresh] done in 896ms @ http://localhost:3002/_next/static/chunks/node_modules_next_dist_1e8vcs8._.js:776
[   26167ms] [LOG] [Fast Refresh] done in 896ms @ http://localhost:3002/_next/static/chunks/node_modules_next_dist_1e8vcs8._.js:776
[   26216ms] [LOG] [Fast Refresh] done in 896ms @ http://localhost:3002/_next/static/chunks/node_modules_next_dist_1e8vcs8._.js:776
[   26253ms] [LOG] [Fast Refresh] done in 896ms @ http://localhost:3002/_next/static/chunks/node_modules_next_dist_1e8vcs8._.js:776
[   26296ms] [LOG] [Fast Refresh] done in 896ms @ http://localhost:3002/_next/static/chunks/node_modules_next_dist_1e8vcs8._.js:776
[   26343ms] [LOG] [Fast Refresh] done in 896ms @ http://localhost:3002/_next/static/chunks/node_modules_next_dist_1e8vcs8._.js:776
[   26392ms] [LOG] [Fast Refresh] done in 896ms @ http://localhost:3002/_next/static/chunks/node_modules_next_dist_1e8vcs8._.js:776
[   26439ms] [LOG] [Fast Refresh] done in 896ms @ http://localhost:3002/_next/static/chunks/node_modules_next_dist_1e8vcs8._.js:776
[   26488ms] [LOG] [Fast Refresh] done in 896ms @ http://localhost:3002/_next/static/chunks/node_modules_next_dist_1e8vcs8._.js:776
[   26538ms] [LOG] [Fast Refresh] done in 896ms @ http://localhost:3002/_next/static/chunks/node_modules_next_dist_1e8vcs8._.js:776
[   26589ms] [LOG] [Fast Refresh] done in 896ms @ http://localhost:3002/_next/static/chunks/node_modules_next_dist_1e8vcs8._.js:776
[   26638ms] [LOG] [Fast Refresh] done in 896ms @ http://localhost:3002/_next/static/chunks/node_modules_next_dist_1e8vcs8._.js:776
[   26688ms] [LOG] [Fast Refresh] done in 896ms @ http://localhost:3002/_next/static/chunks/node_modules_next_dist_1e8vcs8._.js:776
[   26738ms] [LOG] [Fast Refresh] done in 896ms @ http://localhost:3002/_next/static/chunks/node_modules_next_dist_1e8vcs8._.js:776
[   26786ms] [LOG] [Fast Refresh] done in 896ms @ http://localhost:3002/_next/static/chunks/node_modules_next_dist_1e8vcs8._.js:776
[   26838ms] [LOG] [Fast Refresh] done in 896ms @ http://localhost:3002/_next/static/chunks/node_modules_next_dist_1e8vcs8._.js:776
[   26886ms] [LOG] [Fast Refresh] done in 896ms @ http://localhost:3002/_next/static/chunks/node_modules_next_dist_1e8vcs8._.js:776
[   26934ms] [LOG] [Fast Refresh] done in 896ms @ http://localhost:3002/_next/static/chunks/node_modules_next_dist_1e8vcs8._.js:776
[   26982ms] [LOG] [Fast Refresh] done in 896ms @ http://localhost:3002/_next/static/chunks/node_modules_next_dist_1e8vcs8._.js:776
[   27033ms] [LOG] [Fast Refresh] done in 896ms @ http://localhost:3002/_next/static/chunks/node_modules_next_dist_1e8vcs8._.js:776
[   27084ms] [LOG] [Fast Refresh] done in 896ms @ http://localhost:3002/_next/static/chunks/node_modules_next_dist_1e8vcs8._.js:776
[   27138ms] [LOG] [Fast Refresh] done in 896ms @ http://localhost:3002/_next/static/chunks/node_modules_next_dist_1e8vcs8._.js:776
[   27191ms] [LOG] [Fast Refresh] done in 896ms @ http://localhost:3002/_next/static/chunks/node_modules_next_dist_1e8vcs8._.js:776
[   27240ms] [LOG] [Fast Refresh] done in 896ms @ http://localhost:3002/_next/static/chunks/node_modules_next_dist_1e8vcs8._.js:776
[   27289ms] [LOG] [Fast Refresh] done in 896ms @ http://localhost:3002/_next/static/chunks/node_modules_next_dist_1e8vcs8._.js:776
[   27338ms] [LOG] [Fast Refresh] done in 896ms @ http://localhost:3002/_next/static/chunks/node_modules_next_dist_1e8vcs8._.js:776
[   27388ms] [LOG] [Fast Refresh] done in 896ms @ http://localhost:3002/_next/static/chunks/node_modules_next_dist_1e8vcs8._.js:776
[   27441ms] [LOG] [Fast Refresh] done in 896ms @ http://localhost:3002/_next/static/chunks/node_modules_next_dist_1e8vcs8._.js:776
[   27494ms] [LOG] [Fast Refresh] done in 896ms @ http://localhost:3002/_next/static/chunks/node_modules_next_dist_1e8vcs8._.js:776
[   27543ms] [LOG] [Fast Refresh] done in 896ms @ http://localhost:3002/_next/static/chunks/node_modules_next_dist_1e8vcs8._.js:776
[   27596ms] [LOG] [Fast Refresh] done in 896ms @ http://localhost:3002/_next/static/chunks/node_modules_next_dist_1e8vcs8._.js:776
[   27659ms] [LOG] [Fast Refresh] done in 896ms @ http://localhost:3002/_next/static/chunks/node_modules_next_dist_1e8vcs8._.js:776
[   27713ms] [LOG] [Fast Refresh] done in 896ms @ http://localhost:3002/_next/static/chunks/node_modules_next_dist_1e8vcs8._.js:776
[   27765ms] [LOG] [Fast Refresh] done in 896ms @ http://localhost:3002/_next/static/chunks/node_modules_next_dist_1e8vcs8._.js:776
[   27816ms] [LOG] [Fast Refresh] done in 896ms @ http://localhost:3002/_next/static/chunks/node_modules_next_dist_1e8vcs8._.js:776
[   27868ms] [LOG] [Fast Refresh] done in 896ms @ http://localhost:3002/_next/static/chunks/node_modules_next_dist_1e8vcs8._.js:776
[   27924ms] [LOG] [Fast Refresh] done in 896ms @ http://localhost:3002/_next/static/chunks/node_modules_next_dist_1e8vcs8._.js:776
[   27978ms] [LOG] [Fast Refresh] done in 896ms @ http://localhost:3002/_next/static/chunks/node_modules_next_dist_1e8vcs8._.js:776
[   28028ms] [LOG] [Fast Refresh] done in 896ms @ http://localhost:3002/_next/static/chunks/node_modules_next_dist_1e8vcs8._.js:776
[   28079ms] [LOG] [Fast Refresh] done in 896ms @ http://localhost:3002/_next/static/chunks/node_modules_next_dist_1e8vcs8._.js:776
[   28128ms] [LOG] [Fast Refresh] done in 896ms @ http://localhost:3002/_next/static/chunks/node_modules_next_dist_1e8vcs8._.js:776
[   28184ms] [LOG] [Fast Refresh] done in 896ms @ http://localhost:3002/_next/static/chunks/node_modules_next_dist_1e8vcs8._.js:776
[   28233ms] [LOG] [Fast Refresh] done in 896ms @ http://localhost:3002/_next/static/chunks/node_modules_next_dist_1e8vcs8._.js:776
[   28284ms] [LOG] [Fast Refresh] done in 896ms @ http://localhost:3002/_next/static/chunks/node_modules_next_dist_1e8vcs8._.js:776
[   28340ms] [LOG] [Fast Refresh] done in 896ms @ http://localhost:3002/_next/static/chunks/node_modules_next_dist_1e8vcs8._.js:776
[   28390ms] [LOG] [Fast Refresh] done in 896ms @ http://localhost:3002/_next/static/chunks/node_modules_next_dist_1e8vcs8._.js:776
[   28444ms] [LOG] [Fast Refresh] done in 896ms @ http://localhost:3002/_next/static/chunks/node_modules_next_dist_1e8vcs8._.js:776
[   28498ms] [LOG] [Fast Refresh] done in 896ms @ http://localhost:3002/_next/static/chunks/node_modules_next_dist_1e8vcs8._.js:776
[   28552ms] [LOG] [Fast Refresh] done in 896ms @ http://localhost:3002/_next/static/chunks/node_modules_next_dist_1e8vcs8._.js:776
[   28604ms] [LOG] [Fast Refresh] done in 896ms @ http://localhost:3002/_next/static/chunks/node_modules_next_dist_1e8vcs8._.js:776
[   28660ms] [LOG] [Fast Refresh] done in 896ms @ http://localhost:3002/_next/static/chunks/node_modules_next_dist_1e8vcs8._.js:776
[   28713ms] [LOG] [Fast Refresh] done in 896ms @ http://localhost:3002/_next/static/chunks/node_modules_next_dist_1e8vcs8._.js:776
[   28763ms] [LOG] [Fast Refresh] done in 896ms @ http://localhost:3002/_next/static/chunks/node_modules_next_dist_1e8vcs8._.js:776
[   28813ms] [LOG] [Fast Refresh] done in 896ms @ http://localhost:3002/_next/static/chunks/node_modules_next_dist_1e8vcs8._.js:776
[   28862ms] [LOG] [Fast Refresh] done in 896ms @ http://localhost:3002/_next/static/chunks/node_modules_next_dist_1e8vcs8._.js:776
[   28913ms] [LOG] [Fast Refresh] done in 896ms @ http://localhost:3002/_next/static/chunks/node_modules_next_dist_1e8vcs8._.js:776
[   28963ms] [LOG] [Fast Refresh] done in 896ms @ http://localhost:3002/_next/static/chunks/node_modules_next_dist_1e8vcs8._.js:776
[   29014ms] [LOG] [Fast Refresh] done in 896ms @ http://localhost:3002/_next/static/chunks/node_modules_next_dist_1e8vcs8._.js:776
[   29076ms] [LOG] [Fast Refresh] done in 896ms @ http://localhost:3002/_next/static/chunks/node_modules_next_dist_1e8vcs8._.js:776
[   29128ms] [LOG] [Fast Refresh] done in 896ms @ http://localhost:3002/_next/static/chunks/node_modules_next_dist_1e8vcs8._.js:776
[   29177ms] [LOG] [Fast Refresh] done in 896ms @ http://localhost:3002/_next/static/chunks/node_modules_next_dist_1e8vcs8._.js:776
[   29227ms] [LOG] [Fast Refresh] done in 896ms @ http://localhost:3002/_next/static/chunks/node_modules_next_dist_1e8vcs8._.js:776
[   29276ms] [LOG] [Fast Refresh] done in 896ms @ http://localhost:3002/_next/static/chunks/node_modules_next_dist_1e8vcs8._.js:776
[   29327ms] [LOG] [Fast Refresh] done in 896ms @ http://localhost:3002/_next/static/chunks/node_modules_next_dist_1e8vcs8._.js:776
[   29386ms] [LOG] [Fast Refresh] done in 896ms @ http://localhost:3002/_next/static/chunks/node_modules_next_dist_1e8vcs8._.js:776
[   29438ms] [LOG] [Fast Refresh] done in 896ms @ http://localhost:3002/_next/static/chunks/node_modules_next_dist_1e8vcs8._.js:776
[   29489ms] [LOG] [Fast Refresh] done in 896ms @ http://localhost:3002/_next/static/chunks/node_modules_next_dist_1e8vcs8._.js:776
[   29539ms] [LOG] [Fast Refresh] done in 896ms @ http://localhost:3002/_next/static/chunks/node_modules_next_dist_1e8vcs8._.js:776
[   29586ms] [LOG] [Fast Refresh] done in 896ms @ http://localhost:3002/_next/static/chunks/node_modules_next_dist_1e8vcs8._.js:776
[   29624ms] [LOG] [Fast Refresh] done in 896ms @ http://localhost:3002/_next/static/chunks/node_modules_next_dist_1e8vcs8._.js:776
[   29673ms] [LOG] [Fast Refresh] done in 896ms @ http://localhost:3002/_next/static/chunks/node_modules_next_dist_1e8vcs8._.js:776
[   29713ms] [LOG] [Fast Refresh] done in 896ms @ http://localhost:3002/_next/static/chunks/node_modules_next_dist_1e8vcs8._.js:776
[   29763ms] [LOG] [Fast Refresh] done in 896ms @ http://localhost:3002/_next/static/chunks/node_modules_next_dist_1e8vcs8._.js:776
[   29813ms] [LOG] [Fast Refresh] done in 896ms @ http://localhost:3002/_next/static/chunks/node_modules_next_dist_1e8vcs8._.js:776
[   29863ms] [LOG] [Fast Refresh] done in 896ms @ http://localhost:3002/_next/static/chunks/node_modules_next_dist_1e8vcs8._.js:776
[   29914ms] [LOG] [Fast Refresh] done in 896ms @ http://localhost:3002/_next/static/chunks/node_modules_next_dist_1e8vcs8._.js:776
[   29964ms] [LOG] [Fast Refresh] done in 896ms @ http://localhost:3002/_next/static/chunks/node_modules_next_dist_1e8vcs8._.js:776
[   30012ms] [LOG] [Fast Refresh] done in 896ms @ http://localhost:3002/_next/static/chunks/node_modules_next_dist_1e8vcs8._.js:776
[   30061ms] [LOG] [Fast Refresh] done in 896ms @ http://localhost:3002/_next/static/chunks/node_modules_next_dist_1e8vcs8._.js:776
[   30111ms] [LOG] [Fast Refresh] done in 896ms @ http://localhost:3002/_next/static/chunks/node_modules_next_dist_1e8vcs8._.js:776
[   30164ms] [LOG] [Fast Refresh] done in 896ms @ http://localhost:3002/_next/static/chunks/node_modules_next_dist_1e8vcs8._.js:776
[   30211ms] [LOG] [Fast Refresh] done in 896ms @ http://localhost:3002/_next/static/chunks/node_modules_next_dist_1e8vcs8._.js:776
[   30258ms] [LOG] [Fast Refresh] done in 896ms @ http://localhost:3002/_next/static/chunks/node_modules_next_dist_1e8vcs8._.js:776
[   30305ms] [LOG] [Fast Refresh] done in 896ms @ http://localhost:3002/_next/static/chunks/node_modules_next_dist_1e8vcs8._.js:776
[   30356ms] [LOG] [Fast Refresh] done in 896ms @ http://localhost:3002/_next/static/chunks/node_modules_next_dist_1e8vcs8._.js:776
[   30403ms] [LOG] [Fast Refresh] done in 896ms @ http://localhost:3002/_next/static/chunks/node_modules_next_dist_1e8vcs8._.js:776
[   30450ms] [LOG] [Fast Refresh] done in 896ms @ http://localhost:3002/_next/static/chunks/node_modules_next_dist_1e8vcs8._.js:776
[   30499ms] [LOG] [Fast Refresh] done in 896ms @ http://localhost:3002/_next/static/chunks/node_modules_next_dist_1e8vcs8._.js:776
[   30546ms] [LOG] [Fast Refresh] done in 896ms @ http://localhost:3002/_next/static/chunks/node_modules_next_dist_1e8vcs8._.js:776
[   30595ms] [LOG] [Fast Refresh] done in 896ms @ http://localhost:3002/_next/static/chunks/node_modules_next_dist_1e8vcs8._.js:776
[   30641ms] [LOG] [Fast Refresh] done in 896ms @ http://localhost:3002/_next/static/chunks/node_modules_next_dist_1e8vcs8._.js:776
[   30681ms] [LOG] [Fast Refresh] done in 896ms @ http://localhost:3002/_next/static/chunks/node_modules_next_dist_1e8vcs8._.js:776
[   30732ms] [LOG] [Fast Refresh] done in 896ms @ http://localhost:3002/_next/static/chunks/node_modules_next_dist_1e8vcs8._.js:776
[   30782ms] [LOG] [Fast Refresh] done in 896ms @ http://localhost:3002/_next/static/chunks/node_modules_next_dist_1e8vcs8._.js:776
[   30833ms] [LOG] [Fast Refresh] done in 896ms @ http://localhost:3002/_next/static/chunks/node_modules_next_dist_1e8vcs8._.js:776
[   30880ms] [LOG] [Fast Refresh] done in 896ms @ http://localhost:3002/_next/static/chunks/node_modules_next_dist_1e8vcs8._.js:776
[   30933ms] [LOG] [Fast Refresh] done in 896ms @ http://localhost:3002/_next/static/chunks/node_modules_next_dist_1e8vcs8._.js:776
[   30983ms] [LOG] [Fast Refresh] done in 896ms @ http://localhost:3002/_next/static/chunks/node_modules_next_dist_1e8vcs8._.js:776
[   31032ms] [LOG] [Fast Refresh] done in 896ms @ http://localhost:3002/_next/static/chunks/node_modules_next_dist_1e8vcs8._.js:776
[   31081ms] [LOG] [Fast Refresh] done in 896ms @ http://localhost:3002/_next/static/chunks/node_modules_next_dist_1e8vcs8._.js:776
[   31119ms] [LOG] [Fast Refresh] done in 896ms @ http://localhost:3002/_next/static/chunks/node_modules_next_dist_1e8vcs8._.js:776
[   31168ms] [LOG] [Fast Refresh] done in 896ms @ http://localhost:3002/_next/static/chunks/node_modules_next_dist_1e8vcs8._.js:776
[   31217ms] [LOG] [Fast Refresh] done in 896ms @ http://localhost:3002/_next/static/chunks/node_modules_next_dist_1e8vcs8._.js:776
[   31266ms] [LOG] [Fast Refresh] done in 896ms @ http://localhost:3002/_next/static/chunks/node_modules_next_dist_1e8vcs8._.js:776
[   31316ms] [LOG] [Fast Refresh] done in 896ms @ http://localhost:3002/_next/static/chunks/node_modules_next_dist_1e8vcs8._.js:776
[   31368ms] [LOG] [Fast Refresh] done in 896ms @ http://localhost:3002/_next/static/chunks/node_modules_next_dist_1e8vcs8._.js:776
[   31416ms] [LOG] [Fast Refresh] done in 896ms @ http://localhost:3002/_next/static/chunks/node_modules_next_dist_1e8vcs8._.js:776
[   31467ms] [LOG] [Fast Refresh] done in 896ms @ http://localhost:3002/_next/static/chunks/node_modules_next_dist_1e8vcs8._.js:776
[   31518ms] [LOG] [Fast Refresh] done in 896ms @ http://localhost:3002/_next/static/chunks/node_modules_next_dist_1e8vcs8._.js:776
[   31581ms] [LOG] [Fast Refresh] done in 896ms @ http://localhost:3002/_next/static/chunks/node_modules_next_dist_1e8vcs8._.js:776
[   31632ms] [LOG] [Fast Refresh] done in 896ms @ http://localhost:3002/_next/static/chunks/node_modules_next_dist_1e8vcs8._.js:776
[   31680ms] [LOG] [Fast Refresh] done in 896ms @ http://localhost:3002/_next/static/chunks/node_modules_next_dist_1e8vcs8._.js:776
[   31730ms] [LOG] [Fast Refresh] done in 896ms @ http://localhost:3002/_next/static/chunks/node_modules_next_dist_1e8vcs8._.js:776
[   31781ms] [LOG] [Fast Refresh] done in 896ms @ http://localhost:3002/_next/static/chunks/node_modules_next_dist_1e8vcs8._.js:776
[   31832ms] [LOG] [Fast Refresh] done in 896ms @ http://localhost:3002/_next/static/chunks/node_modules_next_dist_1e8vcs8._.js:776
[   31872ms] [LOG] [Fast Refresh] done in 896ms @ http://localhost:3002/_next/static/chunks/node_modules_next_dist_1e8vcs8._.js:776
[   31921ms] [LOG] [Fast Refresh] done in 896ms @ http://localhost:3002/_next/static/chunks/node_modules_next_dist_1e8vcs8._.js:776
[   31974ms] [LOG] [Fast Refresh] done in 896ms @ http://localhost:3002/_next/static/chunks/node_modules_next_dist_1e8vcs8._.js:776
[   32025ms] [LOG] [Fast Refresh] done in 896ms @ http://localhost:3002/_next/static/chunks/node_modules_next_dist_1e8vcs8._.js:776
[   32073ms] [LOG] [Fast Refresh] done in 896ms @ http://localhost:3002/_next/static/chunks/node_modules_next_dist_1e8vcs8._.js:776
[   32125ms] [LOG] [Fast Refresh] done in 896ms @ http://localhost:3002/_next/static/chunks/node_modules_next_dist_1e8vcs8._.js:776
[   32177ms] [LOG] [Fast Refresh] done in 896ms @ http://localhost:3002/_next/static/chunks/node_modules_next_dist_1e8vcs8._.js:776
[   32240ms] [LOG] [Fast Refresh] done in 896ms @ http://localhost:3002/_next/static/chunks/node_modules_next_dist_1e8vcs8._.js:776
[   32303ms] [LOG] [Fast Refresh] done in 896ms @ http://localhost:3002/_next/static/chunks/node_modules_next_dist_1e8vcs8._.js:776
[   32368ms] [LOG] [Fast Refresh] done in 896ms @ http://localhost:3002/_next/static/chunks/node_modules_next_dist_1e8vcs8._.js:776
[   32424ms] [LOG] [Fast Refresh] done in 896ms @ http://localhost:3002/_next/static/chunks/node_modules_next_dist_1e8vcs8._.js:776
[   32475ms] [LOG] [Fast Refresh] done in 896ms @ http://localhost:3002/_next/static/chunks/node_modules_next_dist_1e8vcs8._.js:776
[   32526ms] [LOG] [Fast Refresh] done in 896ms @ http://localhost:3002/_next/static/chunks/node_modules_next_dist_1e8vcs8._.js:776
[   32576ms] [LOG] [Fast Refresh] done in 896ms @ http://localhost:3002/_next/static/chunks/node_modules_next_dist_1e8vcs8._.js:776
[   32636ms] [LOG] [Fast Refresh] done in 896ms @ http://localhost:3002/_next/static/chunks/node_modules_next_dist_1e8vcs8._.js:776
[   32689ms] [LOG] [Fast Refresh] done in 896ms @ http://localhost:3002/_next/static/chunks/node_modules_next_dist_1e8vcs8._.js:776
[   32742ms] [LOG] [Fast Refresh] done in 896ms @ http://localhost:3002/_next/static/chunks/node_modules_next_dist_1e8vcs8._.js:776
[   32797ms] [LOG] [Fast Refresh] done in 896ms @ http://localhost:3002/_next/static/chunks/node_modules_next_dist_1e8vcs8._.js:776
[   32849ms] [LOG] [Fast Refresh] done in 896ms @ http://localhost:3002/_next/static/chunks/node_modules_next_dist_1e8vcs8._.js:776
[   32900ms] [LOG] [Fast Refresh] done in 896ms @ http://localhost:3002/_next/static/chunks/node_modules_next_dist_1e8vcs8._.js:776
[   32952ms] [LOG] [Fast Refresh] done in 896ms @ http://localhost:3002/_next/static/chunks/node_modules_next_dist_1e8vcs8._.js:776
[   33009ms] [LOG] [Fast Refresh] done in 896ms @ http://localhost:3002/_next/static/chunks/node_modules_next_dist_1e8vcs8._.js:776
[   33060ms] [LOG] [Fast Refresh] done in 896ms @ http://localhost:3002/_next/static/chunks/node_modules_next_dist_1e8vcs8._.js:776
[   33108ms] [LOG] [Fast Refresh] done in 896ms @ http://localhost:3002/_next/static/chunks/node_modules_next_dist_1e8vcs8._.js:776
[   33158ms] [LOG] [Fast Refresh] done in 896ms @ http://localhost:3002/_next/static/chunks/node_modules_next_dist_1e8vcs8._.js:776
[   33206ms] [LOG] [Fast Refresh] done in 896ms @ http://localhost:3002/_next/static/chunks/node_modules_next_dist_1e8vcs8._.js:776
[   33257ms] [LOG] [Fast Refresh] done in 896ms @ http://localhost:3002/_next/static/chunks/node_modules_next_dist_1e8vcs8._.js:776
[   33307ms] [LOG] [Fast Refresh] done in 896ms @ http://localhost:3002/_next/static/chunks/node_modules_next_dist_1e8vcs8._.js:776
[   33357ms] [LOG] [Fast Refresh] done in 896ms @ http://localhost:3002/_next/static/chunks/node_modules_next_dist_1e8vcs8._.js:776
[   33407ms] [LOG] [Fast Refresh] done in 896ms @ http://localhost:3002/_next/static/chunks/node_modules_next_dist_1e8vcs8._.js:776
[   33459ms] [LOG] [Fast Refresh] done in 896ms @ http://localhost:3002/_next/static/chunks/node_modules_next_dist_1e8vcs8._.js:776
[   33512ms] [LOG] [Fast Refresh] done in 896ms @ http://localhost:3002/_next/static/chunks/node_modules_next_dist_1e8vcs8._.js:776
[   33561ms] [LOG] [Fast Refresh] done in 896ms @ http://localhost:3002/_next/static/chunks/node_modules_next_dist_1e8vcs8._.js:776
[   33611ms] [LOG] [Fast Refresh] done in 896ms @ http://localhost:3002/_next/static/chunks/node_modules_next_dist_1e8vcs8._.js:776
[   33661ms] [LOG] [Fast Refresh] done in 896ms @ http://localhost:3002/_next/static/chunks/node_modules_next_dist_1e8vcs8._.js:776
[   33710ms] [LOG] [Fast Refresh] done in 896ms @ http://localhost:3002/_next/static/chunks/node_modules_next_dist_1e8vcs8._.js:776
[   33766ms] [LOG] [Fast Refresh] done in 896ms @ http://localhost:3002/_next/static/chunks/node_modules_next_dist_1e8vcs8._.js:776
[   33809ms] [LOG] [Fast Refresh] done in 896ms @ http://localhost:3002/_next/static/chunks/node_modules_next_dist_1e8vcs8._.js:776
[   33858ms] [LOG] [Fast Refresh] done in 896ms @ http://localhost:3002/_next/static/chunks/node_modules_next_dist_1e8vcs8._.js:776
[   33907ms] [LOG] [Fast Refresh] done in 896ms @ http://localhost:3002/_next/static/chunks/node_modules_next_dist_1e8vcs8._.js:776
[   33960ms] [LOG] [Fast Refresh] done in 896ms @ http://localhost:3002/_next/static/chunks/node_modules_next_dist_1e8vcs8._.js:776
[   34027ms] [LOG] [Fast Refresh] done in 896ms @ http://localhost:3002/_next/static/chunks/node_modules_next_dist_1e8vcs8._.js:776
[   34075ms] [LOG] [Fast Refresh] done in 896ms @ http://localhost:3002/_next/static/chunks/node_modules_next_dist_1e8vcs8._.js:776
[   34131ms] [LOG] [Fast Refresh] done in 896ms @ http://localhost:3002/_next/static/chunks/node_modules_next_dist_1e8vcs8._.js:776
[   34185ms] [LOG] [Fast Refresh] done in 896ms @ http://localhost:3002/_next/static/chunks/node_modules_next_dist_1e8vcs8._.js:776
[   34238ms] [LOG] [Fast Refresh] done in 896ms @ http://localhost:3002/_next/static/chunks/node_modules_next_dist_1e8vcs8._.js:776
[   34294ms] [LOG] [Fast Refresh] done in 896ms @ http://localhost:3002/_next/static/chunks/node_modules_next_dist_1e8vcs8._.js:776
[   34348ms] [LOG] [Fast Refresh] done in 896ms @ http://localhost:3002/_next/static/chunks/node_modules_next_dist_1e8vcs8._.js:776
[   34401ms] [LOG] [Fast Refresh] done in 896ms @ http://localhost:3002/_next/static/chunks/node_modules_next_dist_1e8vcs8._.js:776
[   34452ms] [LOG] [Fast Refresh] done in 896ms @ http://localhost:3002/_next/static/chunks/node_modules_next_dist_1e8vcs8._.js:776
[   34496ms] [LOG] [Fast Refresh] done in 896ms @ http://localhost:3002/_next/static/chunks/node_modules_next_dist_1e8vcs8._.js:776
[   34552ms] [LOG] [Fast Refresh] done in 896ms @ http://localhost:3002/_next/static/chunks/node_modules_next_dist_1e8vcs8._.js:776
[   34609ms] [LOG] [Fast Refresh] done in 896ms @ http://localhost:3002/_next/static/chunks/node_modules_next_dist_1e8vcs8._.js:776
[   34658ms] [LOG] [Fast Refresh] done in 896ms @ http://localhost:3002/_next/static/chunks/node_modules_next_dist_1e8vcs8._.js:776
[   34709ms] [LOG] [Fast Refresh] done in 896ms @ http://localhost:3002/_next/static/chunks/node_modules_next_dist_1e8vcs8._.js:776
[   34766ms] [LOG] [Fast Refresh] done in 896ms @ http://localhost:3002/_next/static/chunks/node_modules_next_dist_1e8vcs8._.js:776
[   34820ms] [LOG] [Fast Refresh] done in 896ms @ http://localhost:3002/_next/static/chunks/node_modules_next_dist_1e8vcs8._.js:776
[   34871ms] [LOG] [Fast Refresh] done in 896ms @ http://localhost:3002/_next/static/chunks/node_modules_next_dist_1e8vcs8._.js:776
[   34920ms] [LOG] [Fast Refresh] done in 896ms @ http://localhost:3002/_next/static/chunks/node_modules_next_dist_1e8vcs8._.js:776
[   34968ms] [LOG] [Fast Refresh] done in 896ms @ http://localhost:3002/_next/static/chunks/node_modules_next_dist_1e8vcs8._.js:776
[   35036ms] [LOG] [Fast Refresh] done in 896ms @ http://localhost:3002/_next/static/chunks/node_modules_next_dist_1e8vcs8._.js:776
[   35087ms] [LOG] [Fast Refresh] done in 896ms @ http://localhost:3002/_next/static/chunks/node_modules_next_dist_1e8vcs8._.js:776
[   35140ms] [LOG] [Fast Refresh] done in 896ms @ http://localhost:3002/_next/static/chunks/node_modules_next_dist_1e8vcs8._.js:776
[   35191ms] [LOG] [Fast Refresh] done in 896ms @ http://localhost:3002/_next/static/chunks/node_modules_next_dist_1e8vcs8._.js:776
[   35239ms] [LOG] [Fast Refresh] done in 896ms @ http://localhost:3002/_next/static/chunks/node_modules_next_dist_1e8vcs8._.js:776
[   35290ms] [LOG] [Fast Refresh] done in 896ms @ http://localhost:3002/_next/static/chunks/node_modules_next_dist_1e8vcs8._.js:776
[   35341ms] [LOG] [Fast Refresh] done in 896ms @ http://localhost:3002/_next/static/chunks/node_modules_next_dist_1e8vcs8._.js:776
[   35400ms] [LOG] [Fast Refresh] done in 896ms @ http://localhost:3002/_next/static/chunks/node_modules_next_dist_1e8vcs8._.js:776
[   35447ms] [LOG] [Fast Refresh] done in 896ms @ http://localhost:3002/_next/static/chunks/node_modules_next_dist_1e8vcs8._.js:776
[   35495ms] [LOG] [Fast Refresh] done in 896ms @ http://localhost:3002/_next/static/chunks/node_modules_next_dist_1e8vcs8._.js:776
[   35545ms] [LOG] [Fast Refresh] done in 896ms @ http://localhost:3002/_next/static/chunks/node_modules_next_dist_1e8vcs8._.js:776
[   35596ms] [LOG] [Fast Refresh] done in 896ms @ http://localhost:3002/_next/static/chunks/node_modules_next_dist_1e8vcs8._.js:776
[   35645ms] [LOG] [Fast Refresh] done in 896ms @ http://localhost:3002/_next/static/chunks/node_modules_next_dist_1e8vcs8._.js:776
[   35698ms] [LOG] [Fast Refresh] done in 896ms @ http://localhost:3002/_next/static/chunks/node_modules_next_dist_1e8vcs8._.js:776
[   35750ms] [LOG] [Fast Refresh] done in 896ms @ http://localhost:3002/_next/static/chunks/node_modules_next_dist_1e8vcs8._.js:776
[   35804ms] [LOG] [Fast Refresh] done in 896ms @ http://localhost:3002/_next/static/chunks/node_modules_next_dist_1e8vcs8._.js:776
[   35863ms] [LOG] [Fast Refresh] done in 896ms @ http://localhost:3002/_next/static/chunks/node_modules_next_dist_1e8vcs8._.js:776
[   35918ms] [LOG] [Fast Refresh] done in 896ms @ http://localhost:3002/_next/static/chunks/node_modules_next_dist_1e8vcs8._.js:776
[   35967ms] [LOG] [Fast Refresh] done in 896ms @ http://localhost:3002/_next/static/chunks/node_modules_next_dist_1e8vcs8._.js:776
[   36019ms] [LOG] [Fast Refresh] done in 896ms @ http://localhost:3002/_next/static/chunks/node_modules_next_dist_1e8vcs8._.js:776
[   36069ms] [LOG] [Fast Refresh] done in 896ms @ http://localhost:3002/_next/static/chunks/node_modules_next_dist_1e8vcs8._.js:776
[   36127ms] [LOG] [Fast Refresh] done in 896ms @ http://localhost:3002/_next/static/chunks/node_modules_next_dist_1e8vcs8._.js:776
[   36184ms] [LOG] [Fast Refresh] done in 896ms @ http://localhost:3002/_next/static/chunks/node_modules_next_dist_1e8vcs8._.js:776
[   36238ms] [LOG] [Fast Refresh] done in 896ms @ http://localhost:3002/_next/static/chunks/node_modules_next_dist_1e8vcs8._.js:776
[   36288ms] [LOG] [Fast Refresh] done in 896ms @ http://localhost:3002/_next/static/chunks/node_modules_next_dist_1e8vcs8._.js:776
[   36500ms] [LOG] [Fast Refresh] rebuilding @ http://localhost:3002/_next/static/chunks/node_modules_next_dist_1e8vcs8._.js:776
[   36647ms] [LOG] [Fast Refresh] done in 236ms @ http://localhost:3002/_next/static/chunks/node_modules_next_dist_1e8vcs8._.js:776
[   36812ms] [LOG] [Fast Refresh] done in 236ms @ http://localhost:3002/_next/static/chunks/node_modules_next_dist_1e8vcs8._.js:776
[   36862ms] [LOG] [Fast Refresh] done in 236ms @ http://localhost:3002/_next/static/chunks/node_modules_next_dist_1e8vcs8._.js:776
[   36918ms] [LOG] [Fast Refresh] done in 236ms @ http://localhost:3002/_next/static/chunks/node_modules_next_dist_1e8vcs8._.js:776
[   36971ms] [LOG] [Fast Refresh] done in 236ms @ http://localhost:3002/_next/static/chunks/node_modules_next_dist_1e8vcs8._.js:776
[   37026ms] [LOG] [Fast Refresh] done in 236ms @ http://localhost:3002/_next/static/chunks/node_modules_next_dist_1e8vcs8._.js:776
[   37083ms] [LOG] [Fast Refresh] done in 236ms @ http://localhost:3002/_next/static/chunks/node_modules_next_dist_1e8vcs8._.js:776
[   37135ms] [LOG] [Fast Refresh] done in 236ms @ http://localhost:3002/_next/static/chunks/node_modules_next_dist_1e8vcs8._.js:776
[   37184ms] [LOG] [Fast Refresh] done in 236ms @ http://localhost:3002/_next/static/chunks/node_modules_next_dist_1e8vcs8._.js:776
[   37235ms] [LOG] [Fast Refresh] done in 236ms @ http://localhost:3002/_next/static/chunks/node_modules_next_dist_1e8vcs8._.js:776
[   37290ms] [LOG] [Fast Refresh] done in 236ms @ http://localhost:3002/_next/static/chunks/node_modules_next_dist_1e8vcs8._.js:776
[   37343ms] [LOG] [Fast Refresh] done in 236ms @ http://localhost:3002/_next/static/chunks/node_modules_next_dist_1e8vcs8._.js:776
[   37395ms] [LOG] [Fast Refresh] done in 236ms @ http://localhost:3002/_next/static/chunks/node_modules_next_dist_1e8vcs8._.js:776
[   37444ms] [LOG] [Fast Refresh] done in 236ms @ http://localhost:3002/_next/static/chunks/node_modules_next_dist_1e8vcs8._.js:776
[   37492ms] [LOG] [Fast Refresh] done in 236ms @ http://localhost:3002/_next/static/chunks/node_modules_next_dist_1e8vcs8._.js:776
[   37549ms] [LOG] [Fast Refresh] done in 236ms @ http://localhost:3002/_next/static/chunks/node_modules_next_dist_1e8vcs8._.js:776
[   37601ms] [LOG] [Fast Refresh] done in 236ms @ http://localhost:3002/_next/static/chunks/node_modules_next_dist_1e8vcs8._.js:776
[   37651ms] [LOG] [Fast Refresh] done in 236ms @ http://localhost:3002/_next/static/chunks/node_modules_next_dist_1e8vcs8._.js:776
[   37701ms] [LOG] [Fast Refresh] done in 236ms @ http://localhost:3002/_next/static/chunks/node_modules_next_dist_1e8vcs8._.js:776
[   37752ms] [LOG] [Fast Refresh] done in 236ms @ http://localhost:3002/_next/static/chunks/node_modules_next_dist_1e8vcs8._.js:776
[   37805ms] [LOG] [Fast Refresh] done in 236ms @ http://localhost:3002/_next/static/chunks/node_modules_next_dist_1e8vcs8._.js:776
[   37855ms] [LOG] [Fast Refresh] done in 236ms @ http://localhost:3002/_next/static/chunks/node_modules_next_dist_1e8vcs8._.js:776
[   37907ms] [LOG] [Fast Refresh] done in 236ms @ http://localhost:3002/_next/static/chunks/node_modules_next_dist_1e8vcs8._.js:776
[   37955ms] [LOG] [Fast Refresh] done in 236ms @ http://localhost:3002/_next/static/chunks/node_modules_next_dist_1e8vcs8._.js:776
[   38006ms] [LOG] [Fast Refresh] done in 236ms @ http://localhost:3002/_next/static/chunks/node_modules_next_dist_1e8vcs8._.js:776
[   38056ms] [LOG] [Fast Refresh] done in 236ms @ http://localhost:3002/_next/static/chunks/node_modules_next_dist_1e8vcs8._.js:776
[   38105ms] [LOG] [Fast Refresh] done in 236ms @ http://localhost:3002/_next/static/chunks/node_modules_next_dist_1e8vcs8._.js:776
[   38155ms] [LOG] [Fast Refresh] done in 236ms @ http://localhost:3002/_next/static/chunks/node_modules_next_dist_1e8vcs8._.js:776
[   38203ms] [LOG] [Fast Refresh] done in 236ms @ http://localhost:3002/_next/static/chunks/node_modules_next_dist_1e8vcs8._.js:776
[   38255ms] [LOG] [Fast Refresh] done in 236ms @ http://localhost:3002/_next/static/chunks/node_modules_next_dist_1e8vcs8._.js:776
[   38304ms] [LOG] [Fast Refresh] done in 236ms @ http://localhost:3002/_next/static/chunks/node_modules_next_dist_1e8vcs8._.js:776
[   38356ms] [LOG] [Fast Refresh] done in 236ms @ http://localhost:3002/_next/static/chunks/node_modules_next_dist_1e8vcs8._.js:776
[   38404ms] [LOG] [Fast Refresh] done in 236ms @ http://localhost:3002/_next/static/chunks/node_modules_next_dist_1e8vcs8._.js:776
[   38455ms] [LOG] [Fast Refresh] done in 236ms @ http://localhost:3002/_next/static/chunks/node_modules_next_dist_1e8vcs8._.js:776
[   38504ms] [LOG] [Fast Refresh] done in 236ms @ http://localhost:3002/_next/static/chunks/node_modules_next_dist_1e8vcs8._.js:776
[   38555ms] [LOG] [Fast Refresh] done in 236ms @ http://localhost:3002/_next/static/chunks/node_modules_next_dist_1e8vcs8._.js:776
[   38604ms] [LOG] [Fast Refresh] done in 236ms @ http://localhost:3002/_next/static/chunks/node_modules_next_dist_1e8vcs8._.js:776
[   38652ms] [LOG] [Fast Refresh] done in 236ms @ http://localhost:3002/_next/static/chunks/node_modules_next_dist_1e8vcs8._.js:776
[   38700ms] [LOG] [Fast Refresh] done in 236ms @ http://localhost:3002/_next/static/chunks/node_modules_next_dist_1e8vcs8._.js:776
[   38750ms] [LOG] [Fast Refresh] done in 236ms @ http://localhost:3002/_next/static/chunks/node_modules_next_dist_1e8vcs8._.js:776
[   38801ms] [LOG] [Fast Refresh] done in 236ms @ http://localhost:3002/_next/static/chunks/node_modules_next_dist_1e8vcs8._.js:776
[   38849ms] [LOG] [Fast Refresh] done in 236ms @ http://localhost:3002/_next/static/chunks/node_modules_next_dist_1e8vcs8._.js:776
[   38898ms] [LOG] [Fast Refresh] done in 236ms @ http://localhost:3002/_next/static/chunks/node_modules_next_dist_1e8vcs8._.js:776
[   38948ms] [LOG] [Fast Refresh] done in 236ms @ http://localhost:3002/_next/static/chunks/node_modules_next_dist_1e8vcs8._.js:776
[   38998ms] [LOG] [Fast Refresh] done in 236ms @ http://localhost:3002/_next/static/chunks/node_modules_next_dist_1e8vcs8._.js:776
[   39044ms] [LOG] [Fast Refresh] done in 236ms @ http://localhost:3002/_next/static/chunks/node_modules_next_dist_1e8vcs8._.js:776
[   39094ms] [LOG] [Fast Refresh] done in 236ms @ http://localhost:3002/_next/static/chunks/node_modules_next_dist_1e8vcs8._.js:776
[   39145ms] [LOG] [Fast Refresh] done in 236ms @ http://localhost:3002/_next/static/chunks/node_modules_next_dist_1e8vcs8._.js:776
[   39197ms] [LOG] [Fast Refresh] done in 236ms @ http://localhost:3002/_next/static/chunks/node_modules_next_dist_1e8vcs8._.js:776
[   39245ms] [LOG] [Fast Refresh] done in 236ms @ http://localhost:3002/_next/static/chunks/node_modules_next_dist_1e8vcs8._.js:776
[   39293ms] [LOG] [Fast Refresh] done in 236ms @ http://localhost:3002/_next/static/chunks/node_modules_next_dist_1e8vcs8._.js:776
[   39344ms] [LOG] [Fast Refresh] done in 236ms @ http://localhost:3002/_next/static/chunks/node_modules_next_dist_1e8vcs8._.js:776
[   39394ms] [LOG] [Fast Refresh] done in 236ms @ http://localhost:3002/_next/static/chunks/node_modules_next_dist_1e8vcs8._.js:776
[   39443ms] [LOG] [Fast Refresh] done in 236ms @ http://localhost:3002/_next/static/chunks/node_modules_next_dist_1e8vcs8._.js:776
[   39493ms] [LOG] [Fast Refresh] done in 236ms @ http://localhost:3002/_next/static/chunks/node_modules_next_dist_1e8vcs8._.js:776
[   39543ms] [LOG] [Fast Refresh] done in 236ms @ http://localhost:3002/_next/static/chunks/node_modules_next_dist_1e8vcs8._.js:776
[   39596ms] [LOG] [Fast Refresh] done in 236ms @ http://localhost:3002/_next/static/chunks/node_modules_next_dist_1e8vcs8._.js:776
[   39645ms] [LOG] [Fast Refresh] done in 236ms @ http://localhost:3002/_next/static/chunks/node_modules_next_dist_1e8vcs8._.js:776
[   39695ms] [LOG] [Fast Refresh] done in 236ms @ http://localhost:3002/_next/static/chunks/node_modules_next_dist_1e8vcs8._.js:776
[   39761ms] [LOG] [Fast Refresh] done in 236ms @ http://localhost:3002/_next/static/chunks/node_modules_next_dist_1e8vcs8._.js:776
[   39817ms] [LOG] [Fast Refresh] done in 236ms @ http://localhost:3002/_next/static/chunks/node_modules_next_dist_1e8vcs8._.js:776
[   39868ms] [LOG] [Fast Refresh] done in 236ms @ http://localhost:3002/_next/static/chunks/node_modules_next_dist_1e8vcs8._.js:776
[   39918ms] [LOG] [Fast Refresh] done in 236ms @ http://localhost:3002/_next/static/chunks/node_modules_next_dist_1e8vcs8._.js:776
[   39970ms] [LOG] [Fast Refresh] done in 236ms @ http://localhost:3002/_next/static/chunks/node_modules_next_dist_1e8vcs8._.js:776
[   40031ms] [LOG] [Fast Refresh] done in 236ms @ http://localhost:3002/_next/static/chunks/node_modules_next_dist_1e8vcs8._.js:776
[   40090ms] [LOG] [Fast Refresh] done in 236ms @ http://localhost:3002/_next/static/chunks/node_modules_next_dist_1e8vcs8._.js:776
[   40141ms] [LOG] [Fast Refresh] done in 236ms @ http://localhost:3002/_next/static/chunks/node_modules_next_dist_1e8vcs8._.js:776
[   40194ms] [LOG] [Fast Refresh] done in 236ms @ http://localhost:3002/_next/static/chunks/node_modules_next_dist_1e8vcs8._.js:776
[   40246ms] [LOG] [Fast Refresh] done in 236ms @ http://localhost:3002/_next/static/chunks/node_modules_next_dist_1e8vcs8._.js:776
[   40296ms] [LOG] [Fast Refresh] done in 236ms @ http://localhost:3002/_next/static/chunks/node_modules_next_dist_1e8vcs8._.js:776
[   40345ms] [LOG] [Fast Refresh] done in 236ms @ http://localhost:3002/_next/static/chunks/node_modules_next_dist_1e8vcs8._.js:776
[   40397ms] [LOG] [Fast Refresh] done in 236ms @ http://localhost:3002/_next/static/chunks/node_modules_next_dist_1e8vcs8._.js:776
[   40453ms] [LOG] [Fast Refresh] done in 236ms @ http://localhost:3002/_next/static/chunks/node_modules_next_dist_1e8vcs8._.js:776
[   40504ms] [LOG] [Fast Refresh] done in 236ms @ http://localhost:3002/_next/static/chunks/node_modules_next_dist_1e8vcs8._.js:776
[   40557ms] [LOG] [Fast Refresh] done in 236ms @ http://localhost:3002/_next/static/chunks/node_modules_next_dist_1e8vcs8._.js:776
[   40611ms] [LOG] [Fast Refresh] done in 236ms @ http://localhost:3002/_next/static/chunks/node_modules_next_dist_1e8vcs8._.js:776
[   40669ms] [LOG] [Fast Refresh] done in 236ms @ http://localhost:3002/_next/static/chunks/node_modules_next_dist_1e8vcs8._.js:776
[   40734ms] [LOG] [Fast Refresh] done in 236ms @ http://localhost:3002/_next/static/chunks/node_modules_next_dist_1e8vcs8._.js:776
[   40785ms] [LOG] [Fast Refresh] done in 236ms @ http://localhost:3002/_next/static/chunks/node_modules_next_dist_1e8vcs8._.js:776
[   40836ms] [LOG] [Fast Refresh] done in 236ms @ http://localhost:3002/_next/static/chunks/node_modules_next_dist_1e8vcs8._.js:776
[   40887ms] [LOG] [Fast Refresh] done in 236ms @ http://localhost:3002/_next/static/chunks/node_modules_next_dist_1e8vcs8._.js:776
[   40941ms] [LOG] [Fast Refresh] done in 236ms @ http://localhost:3002/_next/static/chunks/node_modules_next_dist_1e8vcs8._.js:776
[   41012ms] [LOG] [Fast Refresh] done in 236ms @ http://localhost:3002/_next/static/chunks/node_modules_next_dist_1e8vcs8._.js:776
[   41068ms] [LOG] [Fast Refresh] done in 236ms @ http://localhost:3002/_next/static/chunks/node_modules_next_dist_1e8vcs8._.js:776
[   41121ms] [LOG] [Fast Refresh] done in 236ms @ http://localhost:3002/_next/static/chunks/node_modules_next_dist_1e8vcs8._.js:776
[   41172ms] [LOG] [Fast Refresh] done in 236ms @ http://localhost:3002/_next/static/chunks/node_modules_next_dist_1e8vcs8._.js:776
[   41227ms] [LOG] [Fast Refresh] done in 236ms @ http://localhost:3002/_next/static/chunks/node_modules_next_dist_1e8vcs8._.js:776
[   41279ms] [LOG] [Fast Refresh] done in 236ms @ http://localhost:3002/_next/static/chunks/node_modules_next_dist_1e8vcs8._.js:776
[   41329ms] [LOG] [Fast Refresh] done in 236ms @ http://localhost:3002/_next/static/chunks/node_modules_next_dist_1e8vcs8._.js:776
[   41384ms] [LOG] [Fast Refresh] done in 236ms @ http://localhost:3002/_next/static/chunks/node_modules_next_dist_1e8vcs8._.js:776
[   41436ms] [LOG] [Fast Refresh] done in 236ms @ http://localhost:3002/_next/static/chunks/node_modules_next_dist_1e8vcs8._.js:776
[   41487ms] [LOG] [Fast Refresh] done in 236ms @ http://localhost:3002/_next/static/chunks/node_modules_next_dist_1e8vcs8._.js:776
[   41540ms] [LOG] [Fast Refresh] done in 236ms @ http://localhost:3002/_next/static/chunks/node_modules_next_dist_1e8vcs8._.js:776
[   41591ms] [LOG] [Fast Refresh] done in 236ms @ http://localhost:3002/_next/static/chunks/node_modules_next_dist_1e8vcs8._.js:776
[   41644ms] [LOG] [Fast Refresh] done in 236ms @ http://localhost:3002/_next/static/chunks/node_modules_next_dist_1e8vcs8._.js:776
[   41696ms] [LOG] [Fast Refresh] done in 236ms @ http://localhost:3002/_next/static/chunks/node_modules_next_dist_1e8vcs8._.js:776
[   41758ms] [LOG] [Fast Refresh] done in 236ms @ http://localhost:3002/_next/static/chunks/node_modules_next_dist_1e8vcs8._.js:776
[   41812ms] [LOG] [Fast Refresh] done in 236ms @ http://localhost:3002/_next/static/chunks/node_modules_next_dist_1e8vcs8._.js:776
[   41864ms] [LOG] [Fast Refresh] done in 236ms @ http://localhost:3002/_next/static/chunks/node_modules_next_dist_1e8vcs8._.js:776
[   41915ms] [LOG] [Fast Refresh] done in 236ms @ http://localhost:3002/_next/static/chunks/node_modules_next_dist_1e8vcs8._.js:776
[   41981ms] [LOG] [Fast Refresh] done in 236ms @ http://localhost:3002/_next/static/chunks/node_modules_next_dist_1e8vcs8._.js:776
[   42040ms] [LOG] [Fast Refresh] done in 236ms @ http://localhost:3002/_next/static/chunks/node_modules_next_dist_1e8vcs8._.js:776
[   42095ms] [LOG] [Fast Refresh] done in 236ms @ http://localhost:3002/_next/static/chunks/node_modules_next_dist_1e8vcs8._.js:776
[   42149ms] [LOG] [Fast Refresh] done in 236ms @ http://localhost:3002/_next/static/chunks/node_modules_next_dist_1e8vcs8._.js:776
[   42200ms] [LOG] [Fast Refresh] done in 236ms @ http://localhost:3002/_next/static/chunks/node_modules_next_dist_1e8vcs8._.js:776
[   42254ms] [LOG] [Fast Refresh] done in 236ms @ http://localhost:3002/_next/static/chunks/node_modules_next_dist_1e8vcs8._.js:776
[   42307ms] [LOG] [Fast Refresh] done in 236ms @ http://localhost:3002/_next/static/chunks/node_modules_next_dist_1e8vcs8._.js:776
[   42360ms] [LOG] [Fast Refresh] done in 236ms @ http://localhost:3002/_next/static/chunks/node_modules_next_dist_1e8vcs8._.js:776
[   42412ms] [LOG] [Fast Refresh] done in 236ms @ http://localhost:3002/_next/static/chunks/node_modules_next_dist_1e8vcs8._.js:776
[   42462ms] [LOG] [Fast Refresh] done in 236ms @ http://localhost:3002/_next/static/chunks/node_modules_next_dist_1e8vcs8._.js:776
[   42514ms] [LOG] [Fast Refresh] done in 236ms @ http://localhost:3002/_next/static/chunks/node_modules_next_dist_1e8vcs8._.js:776
[   42566ms] [LOG] [Fast Refresh] done in 236ms @ http://localhost:3002/_next/static/chunks/node_modules_next_dist_1e8vcs8._.js:776
[   42616ms] [LOG] [Fast Refresh] done in 236ms @ http://localhost:3002/_next/static/chunks/node_modules_next_dist_1e8vcs8._.js:776
[   42669ms] [LOG] [Fast Refresh] done in 236ms @ http://localhost:3002/_next/static/chunks/node_modules_next_dist_1e8vcs8._.js:776
[   42722ms] [LOG] [Fast Refresh] done in 236ms @ http://localhost:3002/_next/static/chunks/node_modules_next_dist_1e8vcs8._.js:776
[   42773ms] [LOG] [Fast Refresh] done in 236ms @ http://localhost:3002/_next/static/chunks/node_modules_next_dist_1e8vcs8._.js:776
[   42824ms] [LOG] [Fast Refresh] done in 236ms @ http://localhost:3002/_next/static/chunks/node_modules_next_dist_1e8vcs8._.js:776
[   42877ms] [LOG] [Fast Refresh] done in 236ms @ http://localhost:3002/_next/static/chunks/node_modules_next_dist_1e8vcs8._.js:776
[   42943ms] [LOG] [Fast Refresh] done in 236ms @ http://localhost:3002/_next/static/chunks/node_modules_next_dist_1e8vcs8._.js:776
[   42996ms] [LOG] [Fast Refresh] done in 236ms @ http://localhost:3002/_next/static/chunks/node_modules_next_dist_1e8vcs8._.js:776
[   43046ms] [LOG] [Fast Refresh] done in 236ms @ http://localhost:3002/_next/static/chunks/node_modules_next_dist_1e8vcs8._.js:776
[   43094ms] [LOG] [Fast Refresh] done in 236ms @ http://localhost:3002/_next/static/chunks/node_modules_next_dist_1e8vcs8._.js:776
[   43147ms] [LOG] [Fast Refresh] done in 236ms @ http://localhost:3002/_next/static/chunks/node_modules_next_dist_1e8vcs8._.js:776
[   43194ms] [LOG] [Fast Refresh] done in 236ms @ http://localhost:3002/_next/static/chunks/node_modules_next_dist_1e8vcs8._.js:776
[   43244ms] [LOG] [Fast Refresh] done in 236ms @ http://localhost:3002/_next/static/chunks/node_modules_next_dist_1e8vcs8._.js:776
[   43294ms] [LOG] [Fast Refresh] done in 236ms @ http://localhost:3002/_next/static/chunks/node_modules_next_dist_1e8vcs8._.js:776
[   43342ms] [LOG] [Fast Refresh] done in 236ms @ http://localhost:3002/_next/static/chunks/node_modules_next_dist_1e8vcs8._.js:776
[   43392ms] [LOG] [Fast Refresh] done in 236ms @ http://localhost:3002/_next/static/chunks/node_modules_next_dist_1e8vcs8._.js:776
[   43447ms] [LOG] [Fast Refresh] done in 236ms @ http://localhost:3002/_next/static/chunks/node_modules_next_dist_1e8vcs8._.js:776
[   43497ms] [LOG] [Fast Refresh] done in 236ms @ http://localhost:3002/_next/static/chunks/node_modules_next_dist_1e8vcs8._.js:776
[   43552ms] [LOG] [Fast Refresh] done in 236ms @ http://localhost:3002/_next/static/chunks/node_modules_next_dist_1e8vcs8._.js:776
[   43607ms] [LOG] [Fast Refresh] done in 236ms @ http://localhost:3002/_next/static/chunks/node_modules_next_dist_1e8vcs8._.js:776
[   43658ms] [LOG] [Fast Refresh] done in 236ms @ http://localhost:3002/_next/static/chunks/node_modules_next_dist_1e8vcs8._.js:776
[   43708ms] [LOG] [Fast Refresh] done in 236ms @ http://localhost:3002/_next/static/chunks/node_modules_next_dist_1e8vcs8._.js:776
[   43759ms] [LOG] [Fast Refresh] done in 236ms @ http://localhost:3002/_next/static/chunks/node_modules_next_dist_1e8vcs8._.js:776
[   43821ms] [LOG] [Fast Refresh] done in 236ms @ http://localhost:3002/_next/static/chunks/node_modules_next_dist_1e8vcs8._.js:776
[   43877ms] [LOG] [Fast Refresh] done in 236ms @ http://localhost:3002/_next/static/chunks/node_modules_next_dist_1e8vcs8._.js:776
[   43927ms] [LOG] [Fast Refresh] done in 236ms @ http://localhost:3002/_next/static/chunks/node_modules_next_dist_1e8vcs8._.js:776
[   43977ms] [LOG] [Fast Refresh] done in 236ms @ http://localhost:3002/_next/static/chunks/node_modules_next_dist_1e8vcs8._.js:776
[   44031ms] [LOG] [Fast Refresh] done in 236ms @ http://localhost:3002/_next/static/chunks/node_modules_next_dist_1e8vcs8._.js:776
[   44079ms] [LOG] [Fast Refresh] done in 236ms @ http://localhost:3002/_next/static/chunks/node_modules_next_dist_1e8vcs8._.js:776
[   44130ms] [LOG] [Fast Refresh] done in 236ms @ http://localhost:3002/_next/static/chunks/node_modules_next_dist_1e8vcs8._.js:776
[   44185ms] [LOG] [Fast Refresh] done in 236ms @ http://localhost:3002/_next/static/chunks/node_modules_next_dist_1e8vcs8._.js:776
[   44240ms] [LOG] [Fast Refresh] done in 236ms @ http://localhost:3002/_next/static/chunks/node_modules_next_dist_1e8vcs8._.js:776
[   44295ms] [LOG] [Fast Refresh] done in 236ms @ http://localhost:3002/_next/static/chunks/node_modules_next_dist_1e8vcs8._.js:776
[   44353ms] [LOG] [Fast Refresh] done in 236ms @ http://localhost:3002/_next/static/chunks/node_modules_next_dist_1e8vcs8._.js:776
[   44406ms] [LOG] [Fast Refresh] done in 236ms @ http://localhost:3002/_next/static/chunks/node_modules_next_dist_1e8vcs8._.js:776
[   44459ms] [LOG] [Fast Refresh] done in 236ms @ http://localhost:3002/_next/static/chunks/node_modules_next_dist_1e8vcs8._.js:776
[   44511ms] [LOG] [Fast Refresh] done in 236ms @ http://localhost:3002/_next/static/chunks/node_modules_next_dist_1e8vcs8._.js:776
[   44564ms] [LOG] [Fast Refresh] done in 236ms @ http://localhost:3002/_next/static/chunks/node_modules_next_dist_1e8vcs8._.js:776
[   44618ms] [LOG] [Fast Refresh] done in 236ms @ http://localhost:3002/_next/static/chunks/node_modules_next_dist_1e8vcs8._.js:776
[   44672ms] [LOG] [Fast Refresh] done in 236ms @ http://localhost:3002/_next/static/chunks/node_modules_next_dist_1e8vcs8._.js:776
[   44730ms] [LOG] [Fast Refresh] done in 236ms @ http://localhost:3002/_next/static/chunks/node_modules_next_dist_1e8vcs8._.js:776
[   44788ms] [LOG] [Fast Refresh] done in 236ms @ http://localhost:3002/_next/static/chunks/node_modules_next_dist_1e8vcs8._.js:776
[   44840ms] [LOG] [Fast Refresh] done in 236ms @ http://localhost:3002/_next/static/chunks/node_modules_next_dist_1e8vcs8._.js:776
[   44896ms] [LOG] [Fast Refresh] done in 236ms @ http://localhost:3002/_next/static/chunks/node_modules_next_dist_1e8vcs8._.js:776
[   44956ms] [LOG] [Fast Refresh] done in 236ms @ http://localhost:3002/_next/static/chunks/node_modules_next_dist_1e8vcs8._.js:776
[   45006ms] [LOG] [Fast Refresh] done in 236ms @ http://localhost:3002/_next/static/chunks/node_modules_next_dist_1e8vcs8._.js:776
[   45056ms] [LOG] [Fast Refresh] done in 236ms @ http://localhost:3002/_next/static/chunks/node_modules_next_dist_1e8vcs8._.js:776
[   45106ms] [LOG] [Fast Refresh] done in 236ms @ http://localhost:3002/_next/static/chunks/node_modules_next_dist_1e8vcs8._.js:776
[   45155ms] [LOG] [Fast Refresh] done in 236ms @ http://localhost:3002/_next/static/chunks/node_modules_next_dist_1e8vcs8._.js:776
[   45203ms] [LOG] [Fast Refresh] done in 236ms @ http://localhost:3002/_next/static/chunks/node_modules_next_dist_1e8vcs8._.js:776
[   45251ms] [LOG] [Fast Refresh] done in 236ms @ http://localhost:3002/_next/static/chunks/node_modules_next_dist_1e8vcs8._.js:776
[   45300ms] [LOG] [Fast Refresh] done in 236ms @ http://localhost:3002/_next/static/chunks/node_modules_next_dist_1e8vcs8._.js:776
[   45349ms] [LOG] [Fast Refresh] done in 236ms @ http://localhost:3002/_next/static/chunks/node_modules_next_dist_1e8vcs8._.js:776
[   45398ms] [LOG] [Fast Refresh] done in 236ms @ http://localhost:3002/_next/static/chunks/node_modules_next_dist_1e8vcs8._.js:776
[   45446ms] [LOG] [Fast Refresh] done in 236ms @ http://localhost:3002/_next/static/chunks/node_modules_next_dist_1e8vcs8._.js:776
[   45495ms] [LOG] [Fast Refresh] done in 236ms @ http://localhost:3002/_next/static/chunks/node_modules_next_dist_1e8vcs8._.js:776
[   45544ms] [LOG] [Fast Refresh] done in 236ms @ http://localhost:3002/_next/static/chunks/node_modules_next_dist_1e8vcs8._.js:776
[   45592ms] [LOG] [Fast Refresh] done in 236ms @ http://localhost:3002/_next/static/chunks/node_modules_next_dist_1e8vcs8._.js:776
[   45641ms] [LOG] [Fast Refresh] done in 236ms @ http://localhost:3002/_next/static/chunks/node_modules_next_dist_1e8vcs8._.js:776
[   45682ms] [LOG] [Fast Refresh] done in 236ms @ http://localhost:3002/_next/static/chunks/node_modules_next_dist_1e8vcs8._.js:776
[   45731ms] [LOG] [Fast Refresh] done in 236ms @ http://localhost:3002/_next/static/chunks/node_modules_next_dist_1e8vcs8._.js:776
[   45780ms] [LOG] [Fast Refresh] done in 236ms @ http://localhost:3002/_next/static/chunks/node_modules_next_dist_1e8vcs8._.js:776
[   45848ms] [LOG] [Fast Refresh] done in 236ms @ http://localhost:3002/_next/static/chunks/node_modules_next_dist_1e8vcs8._.js:776
[   45899ms] [LOG] [Fast Refresh] done in 236ms @ http://localhost:3002/_next/static/chunks/node_modules_next_dist_1e8vcs8._.js:776
[   45948ms] [LOG] [Fast Refresh] done in 236ms @ http://localhost:3002/_next/static/chunks/node_modules_next_dist_1e8vcs8._.js:776
[   45998ms] [LOG] [Fast Refresh] done in 236ms @ http://localhost:3002/_next/static/chunks/node_modules_next_dist_1e8vcs8._.js:776
[   46039ms] [LOG] [Fast Refresh] done in 236ms @ http://localhost:3002/_next/static/chunks/node_modules_next_dist_1e8vcs8._.js:776
[   46088ms] [LOG] [Fast Refresh] done in 236ms @ http://localhost:3002/_next/static/chunks/node_modules_next_dist_1e8vcs8._.js:776
[   46136ms] [LOG] [Fast Refresh] done in 236ms @ http://localhost:3002/_next/static/chunks/node_modules_next_dist_1e8vcs8._.js:776
[   46184ms] [LOG] [Fast Refresh] done in 236ms @ http://localhost:3002/_next/static/chunks/node_modules_next_dist_1e8vcs8._.js:776
[   46226ms] [LOG] [Fast Refresh] done in 236ms @ http://localhost:3002/_next/static/chunks/node_modules_next_dist_1e8vcs8._.js:776
[   46268ms] [LOG] [Fast Refresh] done in 236ms @ http://localhost:3002/_next/static/chunks/node_modules_next_dist_1e8vcs8._.js:776
[   46310ms] [LOG] [Fast Refresh] done in 236ms @ http://localhost:3002/_next/static/chunks/node_modules_next_dist_1e8vcs8._.js:776
[   46358ms] [LOG] [Fast Refresh] done in 236ms @ http://localhost:3002/_next/static/chunks/node_modules_next_dist_1e8vcs8._.js:776
[   46405ms] [LOG] [Fast Refresh] done in 236ms @ http://localhost:3002/_next/static/chunks/node_modules_next_dist_1e8vcs8._.js:776
[   46451ms] [LOG] [Fast Refresh] done in 236ms @ http://localhost:3002/_next/static/chunks/node_modules_next_dist_1e8vcs8._.js:776
[   46497ms] [LOG] [Fast Refresh] done in 236ms @ http://localhost:3002/_next/static/chunks/node_modules_next_dist_1e8vcs8._.js:776
[   46547ms] [LOG] [Fast Refresh] done in 236ms @ http://localhost:3002/_next/static/chunks/node_modules_next_dist_1e8vcs8._.js:776
[   46597ms] [LOG] [Fast Refresh] done in 236ms @ http://localhost:3002/_next/static/chunks/node_modules_next_dist_1e8vcs8._.js:776
[   46653ms] [LOG] [Fast Refresh] done in 236ms @ http://localhost:3002/_next/static/chunks/node_modules_next_dist_1e8vcs8._.js:776
[   46704ms] [LOG] [Fast Refresh] done in 236ms @ http://localhost:3002/_next/static/chunks/node_modules_next_dist_1e8vcs8._.js:776
[   46750ms] [LOG] [Fast Refresh] done in 236ms @ http://localhost:3002/_next/static/chunks/node_modules_next_dist_1e8vcs8._.js:776
[   46817ms] [LOG] [Fast Refresh] done in 236ms @ http://localhost:3002/_next/static/chunks/node_modules_next_dist_1e8vcs8._.js:776
[   46868ms] [LOG] [Fast Refresh] done in 236ms @ http://localhost:3002/_next/static/chunks/node_modules_next_dist_1e8vcs8._.js:776
[   46917ms] [LOG] [Fast Refresh] done in 236ms @ http://localhost:3002/_next/static/chunks/node_modules_next_dist_1e8vcs8._.js:776
[   46968ms] [LOG] [Fast Refresh] done in 236ms @ http://localhost:3002/_next/static/chunks/node_modules_next_dist_1e8vcs8._.js:776
[   47022ms] [LOG] [Fast Refresh] done in 236ms @ http://localhost:3002/_next/static/chunks/node_modules_next_dist_1e8vcs8._.js:776
[   47077ms] [LOG] [Fast Refresh] done in 236ms @ http://localhost:3002/_next/static/chunks/node_modules_next_dist_1e8vcs8._.js:776
[   47147ms] [LOG] [Fast Refresh] done in 236ms @ http://localhost:3002/_next/static/chunks/node_modules_next_dist_1e8vcs8._.js:776
[   47204ms] [LOG] [Fast Refresh] done in 236ms @ http://localhost:3002/_next/static/chunks/node_modules_next_dist_1e8vcs8._.js:776
[   47251ms] [LOG] [Fast Refresh] done in 236ms @ http://localhost:3002/_next/static/chunks/node_modules_next_dist_1e8vcs8._.js:776
[   47315ms] [LOG] [Fast Refresh] done in 236ms @ http://localhost:3002/_next/static/chunks/node_modules_next_dist_1e8vcs8._.js:776
[   47392ms] [LOG] [Fast Refresh] done in 236ms @ http://localhost:3002/_next/static/chunks/node_modules_next_dist_1e8vcs8._.js:776
[   47462ms] [LOG] [Fast Refresh] done in 236ms @ http://localhost:3002/_next/static/chunks/node_modules_next_dist_1e8vcs8._.js:776
[   47531ms] [LOG] [Fast Refresh] done in 236ms @ http://localhost:3002/_next/static/chunks/node_modules_next_dist_1e8vcs8._.js:776
[   47587ms] [LOG] [Fast Refresh] done in 236ms @ http://localhost:3002/_next/static/chunks/node_modules_next_dist_1e8vcs8._.js:776
[   47640ms] [LOG] [Fast Refresh] done in 236ms @ http://localhost:3002/_next/static/chunks/node_modules_next_dist_1e8vcs8._.js:776
[   47692ms] [LOG] [Fast Refresh] done in 236ms @ http://localhost:3002/_next/static/chunks/node_modules_next_dist_1e8vcs8._.js:776
[   47747ms] [LOG] [Fast Refresh] done in 236ms @ http://localhost:3002/_next/static/chunks/node_modules_next_dist_1e8vcs8._.js:776
[   47809ms] [LOG] [Fast Refresh] done in 236ms @ http://localhost:3002/_next/static/chunks/node_modules_next_dist_1e8vcs8._.js:776
[   47862ms] [LOG] [Fast Refresh] done in 236ms @ http://localhost:3002/_next/static/chunks/node_modules_next_dist_1e8vcs8._.js:776
[   47912ms] [LOG] [Fast Refresh] done in 236ms @ http://localhost:3002/_next/static/chunks/node_modules_next_dist_1e8vcs8._.js:776
[   47965ms] [LOG] [Fast Refresh] done in 236ms @ http://localhost:3002/_next/static/chunks/node_modules_next_dist_1e8vcs8._.js:776
[   48028ms] [LOG] [Fast Refresh] done in 236ms @ http://localhost:3002/_next/static/chunks/node_modules_next_dist_1e8vcs8._.js:776
[   48097ms] [LOG] [Fast Refresh] done in 236ms @ http://localhost:3002/_next/static/chunks/node_modules_next_dist_1e8vcs8._.js:776
[   48151ms] [LOG] [Fast Refresh] done in 236ms @ http://localhost:3002/_next/static/chunks/node_modules_next_dist_1e8vcs8._.js:776
[   48214ms] [LOG] [Fast Refresh] done in 236ms @ http://localhost:3002/_next/static/chunks/node_modules_next_dist_1e8vcs8._.js:776
[   48266ms] [LOG] [Fast Refresh] done in 236ms @ http://localhost:3002/_next/static/chunks/node_modules_next_dist_1e8vcs8._.js:776
[   48324ms] [LOG] [Fast Refresh] done in 236ms @ http://localhost:3002/_next/static/chunks/node_modules_next_dist_1e8vcs8._.js:776
[   48396ms] [LOG] [Fast Refresh] done in 236ms @ http://localhost:3002/_next/static/chunks/node_modules_next_dist_1e8vcs8._.js:776
[   48450ms] [LOG] [Fast Refresh] done in 236ms @ http://localhost:3002/_next/static/chunks/node_modules_next_dist_1e8vcs8._.js:776
[   48501ms] [LOG] [Fast Refresh] done in 236ms @ http://localhost:3002/_next/static/chunks/node_modules_next_dist_1e8vcs8._.js:776
[   48553ms] [LOG] [Fast Refresh] done in 236ms @ http://localhost:3002/_next/static/chunks/node_modules_next_dist_1e8vcs8._.js:776
[   48603ms] [LOG] [Fast Refresh] done in 236ms @ http://localhost:3002/_next/static/chunks/node_modules_next_dist_1e8vcs8._.js:776
[   48651ms] [LOG] [Fast Refresh] done in 236ms @ http://localhost:3002/_next/static/chunks/node_modules_next_dist_1e8vcs8._.js:776
[   48698ms] [LOG] [Fast Refresh] done in 236ms @ http://localhost:3002/_next/static/chunks/node_modules_next_dist_1e8vcs8._.js:776
[   48757ms] [LOG] [Fast Refresh] done in 236ms @ http://localhost:3002/_next/static/chunks/node_modules_next_dist_1e8vcs8._.js:776
[   48814ms] [LOG] [Fast Refresh] done in 236ms @ http://localhost:3002/_next/static/chunks/node_modules_next_dist_1e8vcs8._.js:776
[   48867ms] [LOG] [Fast Refresh] done in 236ms @ http://localhost:3002/_next/static/chunks/node_modules_next_dist_1e8vcs8._.js:776
[   48915ms] [LOG] [Fast Refresh] done in 236ms @ http://localhost:3002/_next/static/chunks/node_modules_next_dist_1e8vcs8._.js:776
[   48965ms] [LOG] [Fast Refresh] done in 236ms @ http://localhost:3002/_next/static/chunks/node_modules_next_dist_1e8vcs8._.js:776
[   49012ms] [LOG] [Fast Refresh] done in 236ms @ http://localhost:3002/_next/static/chunks/node_modules_next_dist_1e8vcs8._.js:776
[   49078ms] [LOG] [Fast Refresh] done in 236ms @ http://localhost:3002/_next/static/chunks/node_modules_next_dist_1e8vcs8._.js:776
[   49131ms] [LOG] [Fast Refresh] done in 236ms @ http://localhost:3002/_next/static/chunks/node_modules_next_dist_1e8vcs8._.js:776
[   49186ms] [LOG] [Fast Refresh] done in 236ms @ http://localhost:3002/_next/static/chunks/node_modules_next_dist_1e8vcs8._.js:776
[   49236ms] [LOG] [Fast Refresh] done in 236ms @ http://localhost:3002/_next/static/chunks/node_modules_next_dist_1e8vcs8._.js:776
[   49287ms] [LOG] [Fast Refresh] done in 236ms @ http://localhost:3002/_next/static/chunks/node_modules_next_dist_1e8vcs8._.js:776
[   49350ms] [LOG] [Fast Refresh] done in 236ms @ http://localhost:3002/_next/static/chunks/node_modules_next_dist_1e8vcs8._.js:776
[   49402ms] [LOG] [Fast Refresh] done in 236ms @ http://localhost:3002/_next/static/chunks/node_modules_next_dist_1e8vcs8._.js:776
[   49460ms] [LOG] [Fast Refresh] done in 236ms @ http://localhost:3002/_next/static/chunks/node_modules_next_dist_1e8vcs8._.js:776
[   49513ms] [LOG] [Fast Refresh] done in 236ms @ http://localhost:3002/_next/static/chunks/node_modules_next_dist_1e8vcs8._.js:776
[   49565ms] [LOG] [Fast Refresh] done in 236ms @ http://localhost:3002/_next/static/chunks/node_modules_next_dist_1e8vcs8._.js:776
[   49617ms] [LOG] [Fast Refresh] done in 236ms @ http://localhost:3002/_next/static/chunks/node_modules_next_dist_1e8vcs8._.js:776
[   49675ms] [LOG] [Fast Refresh] done in 236ms @ http://localhost:3002/_next/static/chunks/node_modules_next_dist_1e8vcs8._.js:776
[   49728ms] [LOG] [Fast Refresh] done in 236ms @ http://localhost:3002/_next/static/chunks/node_modules_next_dist_1e8vcs8._.js:776
[   49780ms] [LOG] [Fast Refresh] done in 236ms @ http://localhost:3002/_next/static/chunks/node_modules_next_dist_1e8vcs8._.js:776
[   49838ms] [LOG] [Fast Refresh] done in 236ms @ http://localhost:3002/_next/static/chunks/node_modules_next_dist_1e8vcs8._.js:776
[   49891ms] [LOG] [Fast Refresh] done in 236ms @ http://localhost:3002/_next/static/chunks/node_modules_next_dist_1e8vcs8._.js:776
[   49936ms] [LOG] [Fast Refresh] done in 236ms @ http://localhost:3002/_next/static/chunks/node_modules_next_dist_1e8vcs8._.js:776
[   49987ms] [LOG] [Fast Refresh] done in 236ms @ http://localhost:3002/_next/static/chunks/node_modules_next_dist_1e8vcs8._.js:776
[   50052ms] [LOG] [Fast Refresh] done in 236ms @ http://localhost:3002/_next/static/chunks/node_modules_next_dist_1e8vcs8._.js:776
[   50115ms] [LOG] [Fast Refresh] done in 236ms @ http://localhost:3002/_next/static/chunks/node_modules_next_dist_1e8vcs8._.js:776
[   50169ms] [LOG] [Fast Refresh] done in 236ms @ http://localhost:3002/_next/static/chunks/node_modules_next_dist_1e8vcs8._.js:776
[   50223ms] [LOG] [Fast Refresh] done in 236ms @ http://localhost:3002/_next/static/chunks/node_modules_next_dist_1e8vcs8._.js:776
[   50279ms] [LOG] [Fast Refresh] done in 236ms @ http://localhost:3002/_next/static/chunks/node_modules_next_dist_1e8vcs8._.js:776
[   50341ms] [LOG] [Fast Refresh] done in 236ms @ http://localhost:3002/_next/static/chunks/node_modules_next_dist_1e8vcs8._.js:776
[   50396ms] [LOG] [Fast Refresh] done in 236ms @ http://localhost:3002/_next/static/chunks/node_modules_next_dist_1e8vcs8._.js:776
[   50450ms] [LOG] [Fast Refresh] done in 236ms @ http://localhost:3002/_next/static/chunks/node_modules_next_dist_1e8vcs8._.js:776
[   50501ms] [LOG] [Fast Refresh] done in 236ms @ http://localhost:3002/_next/static/chunks/node_modules_next_dist_1e8vcs8._.js:776
[   50552ms] [LOG] [Fast Refresh] done in 236ms @ http://localhost:3002/_next/static/chunks/node_modules_next_dist_1e8vcs8._.js:776
[   50604ms] [LOG] [Fast Refresh] done in 236ms @ http://localhost:3002/_next/static/chunks/node_modules_next_dist_1e8vcs8._.js:776
[   50659ms] [LOG] [Fast Refresh] done in 236ms @ http://localhost:3002/_next/static/chunks/node_modules_next_dist_1e8vcs8._.js:776
[   50718ms] [LOG] [Fast Refresh] done in 236ms @ http://localhost:3002/_next/static/chunks/node_modules_next_dist_1e8vcs8._.js:776
[   50779ms] [LOG] [Fast Refresh] done in 236ms @ http://localhost:3002/_next/static/chunks/node_modules_next_dist_1e8vcs8._.js:776
[   50831ms] [LOG] [Fast Refresh] done in 236ms @ http://localhost:3002/_next/static/chunks/node_modules_next_dist_1e8vcs8._.js:776
[   50889ms] [LOG] [Fast Refresh] done in 236ms @ http://localhost:3002/_next/static/chunks/node_modules_next_dist_1e8vcs8._.js:776
[   50937ms] [LOG] [Fast Refresh] done in 236ms @ http://localhost:3002/_next/static/chunks/node_modules_next_dist_1e8vcs8._.js:776
[   50989ms] [LOG] [Fast Refresh] done in 236ms @ http://localhost:3002/_next/static/chunks/node_modules_next_dist_1e8vcs8._.js:776
[   51043ms] [LOG] [Fast Refresh] done in 236ms @ http://localhost:3002/_next/static/chunks/node_modules_next_dist_1e8vcs8._.js:776
[   51098ms] [LOG] [Fast Refresh] done in 236ms @ http://localhost:3002/_next/static/chunks/node_modules_next_dist_1e8vcs8._.js:776
[   51154ms] [LOG] [Fast Refresh] done in 236ms @ http://localhost:3002/_next/static/chunks/node_modules_next_dist_1e8vcs8._.js:776
[   51206ms] [LOG] [Fast Refresh] done in 236ms @ http://localhost:3002/_next/static/chunks/node_modules_next_dist_1e8vcs8._.js:776
[   51256ms] [LOG] [Fast Refresh] done in 236ms @ http://localhost:3002/_next/static/chunks/node_modules_next_dist_1e8vcs8._.js:776
[   51308ms] [LOG] [Fast Refresh] done in 236ms @ http://localhost:3002/_next/static/chunks/node_modules_next_dist_1e8vcs8._.js:776
[   51360ms] [LOG] [Fast Refresh] done in 236ms @ http://localhost:3002/_next/static/chunks/node_modules_next_dist_1e8vcs8._.js:776
[   51413ms] [LOG] [Fast Refresh] done in 236ms @ http://localhost:3002/_next/static/chunks/node_modules_next_dist_1e8vcs8._.js:776
[   51464ms] [LOG] [Fast Refresh] done in 236ms @ http://localhost:3002/_next/static/chunks/node_modules_next_dist_1e8vcs8._.js:776
[   51513ms] [LOG] [Fast Refresh] done in 236ms @ http://localhost:3002/_next/static/chunks/node_modules_next_dist_1e8vcs8._.js:776
[   51568ms] [LOG] [Fast Refresh] done in 236ms @ http://localhost:3002/_next/static/chunks/node_modules_next_dist_1e8vcs8._.js:776
[   51625ms] [LOG] [Fast Refresh] done in 236ms @ http://localhost:3002/_next/static/chunks/node_modules_next_dist_1e8vcs8._.js:776
[   51678ms] [LOG] [Fast Refresh] done in 236ms @ http://localhost:3002/_next/static/chunks/node_modules_next_dist_1e8vcs8._.js:776
[   51733ms] [LOG] [Fast Refresh] done in 236ms @ http://localhost:3002/_next/static/chunks/node_modules_next_dist_1e8vcs8._.js:776
[   51789ms] [LOG] [Fast Refresh] done in 236ms @ http://localhost:3002/_next/static/chunks/node_modules_next_dist_1e8vcs8._.js:776
[   51846ms] [LOG] [Fast Refresh] done in 236ms @ http://localhost:3002/_next/static/chunks/node_modules_next_dist_1e8vcs8._.js:776
[   51896ms] [LOG] [Fast Refresh] done in 236ms @ http://localhost:3002/_next/static/chunks/node_modules_next_dist_1e8vcs8._.js:776
[   51949ms] [LOG] [Fast Refresh] done in 236ms @ http://localhost:3002/_next/static/chunks/node_modules_next_dist_1e8vcs8._.js:776
[   52000ms] [LOG] [Fast Refresh] done in 236ms @ http://localhost:3002/_next/static/chunks/node_modules_next_dist_1e8vcs8._.js:776
[   52051ms] [LOG] [Fast Refresh] done in 236ms @ http://localhost:3002/_next/static/chunks/node_modules_next_dist_1e8vcs8._.js:776
[   52104ms] [LOG] [Fast Refresh] done in 236ms @ http://localhost:3002/_next/static/chunks/node_modules_next_dist_1e8vcs8._.js:776
[   52153ms] [LOG] [Fast Refresh] done in 236ms @ http://localhost:3002/_next/static/chunks/node_modules_next_dist_1e8vcs8._.js:776
[   52209ms] [LOG] [Fast Refresh] done in 236ms @ http://localhost:3002/_next/static/chunks/node_modules_next_dist_1e8vcs8._.js:776
[   52259ms] [LOG] [Fast Refresh] done in 236ms @ http://localhost:3002/_next/static/chunks/node_modules_next_dist_1e8vcs8._.js:776
[   52313ms] [LOG] [Fast Refresh] done in 236ms @ http://localhost:3002/_next/static/chunks/node_modules_next_dist_1e8vcs8._.js:776
[   52365ms] [LOG] [Fast Refresh] done in 236ms @ http://localhost:3002/_next/static/chunks/node_modules_next_dist_1e8vcs8._.js:776
[   52417ms] [LOG] [Fast Refresh] done in 236ms @ http://localhost:3002/_next/static/chunks/node_modules_next_dist_1e8vcs8._.js:776
[   52457ms] [LOG] [Fast Refresh] done in 236ms @ http://localhost:3002/_next/static/chunks/node_modules_next_dist_1e8vcs8._.js:776
[   52506ms] [LOG] [Fast Refresh] done in 236ms @ http://localhost:3002/_next/static/chunks/node_modules_next_dist_1e8vcs8._.js:776
[   52556ms] [LOG] [Fast Refresh] done in 236ms @ http://localhost:3002/_next/static/chunks/node_modules_next_dist_1e8vcs8._.js:776
[   52607ms] [LOG] [Fast Refresh] done in 236ms @ http://localhost:3002/_next/static/chunks/node_modules_next_dist_1e8vcs8._.js:776
[   52657ms] [LOG] [Fast Refresh] done in 236ms @ http://localhost:3002/_next/static/chunks/node_modules_next_dist_1e8vcs8._.js:776
[   52709ms] [LOG] [Fast Refresh] done in 236ms @ http://localhost:3002/_next/static/chunks/node_modules_next_dist_1e8vcs8._.js:776
[   52759ms] [LOG] [Fast Refresh] done in 236ms @ http://localhost:3002/_next/static/chunks/node_modules_next_dist_1e8vcs8._.js:776
[   52809ms] [LOG] [Fast Refresh] done in 236ms @ http://localhost:3002/_next/static/chunks/node_modules_next_dist_1e8vcs8._.js:776
[   52858ms] [LOG] [Fast Refresh] done in 236ms @ http://localhost:3002/_next/static/chunks/node_modules_next_dist_1e8vcs8._.js:776
[   52912ms] [LOG] [Fast Refresh] done in 236ms @ http://localhost:3002/_next/static/chunks/node_modules_next_dist_1e8vcs8._.js:776
[   52964ms] [LOG] [Fast Refresh] done in 236ms @ http://localhost:3002/_next/static/chunks/node_modules_next_dist_1e8vcs8._.js:776
[   53014ms] [LOG] [Fast Refresh] done in 236ms @ http://localhost:3002/_next/static/chunks/node_modules_next_dist_1e8vcs8._.js:776
[   53077ms] [LOG] [Fast Refresh] done in 236ms @ http://localhost:3002/_next/static/chunks/node_modules_next_dist_1e8vcs8._.js:776
[   53131ms] [LOG] [Fast Refresh] done in 236ms @ http://localhost:3002/_next/static/chunks/node_modules_next_dist_1e8vcs8._.js:776
[   53181ms] [LOG] [Fast Refresh] done in 236ms @ http://localhost:3002/_next/static/chunks/node_modules_next_dist_1e8vcs8._.js:776
[   53234ms] [LOG] [Fast Refresh] done in 236ms @ http://localhost:3002/_next/static/chunks/node_modules_next_dist_1e8vcs8._.js:776
[   53299ms] [LOG] [Fast Refresh] done in 236ms @ http://localhost:3002/_next/static/chunks/node_modules_next_dist_1e8vcs8._.js:776
[   53369ms] [LOG] [Fast Refresh] done in 236ms @ http://localhost:3002/_next/static/chunks/node_modules_next_dist_1e8vcs8._.js:776
[   53432ms] [LOG] [Fast Refresh] done in 236ms @ http://localhost:3002/_next/static/chunks/node_modules_next_dist_1e8vcs8._.js:776
[   53493ms] [LOG] [Fast Refresh] done in 236ms @ http://localhost:3002/_next/static/chunks/node_modules_next_dist_1e8vcs8._.js:776
[   53549ms] [LOG] [Fast Refresh] done in 236ms @ http://localhost:3002/_next/static/chunks/node_modules_next_dist_1e8vcs8._.js:776
[   53603ms] [LOG] [Fast Refresh] done in 236ms @ http://localhost:3002/_next/static/chunks/node_modules_next_dist_1e8vcs8._.js:776
[   53659ms] [LOG] [Fast Refresh] done in 236ms @ http://localhost:3002/_next/static/chunks/node_modules_next_dist_1e8vcs8._.js:776
[   53710ms] [LOG] [Fast Refresh] done in 236ms @ http://localhost:3002/_next/static/chunks/node_modules_next_dist_1e8vcs8._.js:776
[   53766ms] [LOG] [Fast Refresh] done in 236ms @ http://localhost:3002/_next/static/chunks/node_modules_next_dist_1e8vcs8._.js:776
[   53825ms] [LOG] [Fast Refresh] done in 236ms @ http://localhost:3002/_next/static/chunks/node_modules_next_dist_1e8vcs8._.js:776
[   53897ms] [LOG] [Fast Refresh] done in 236ms @ http://localhost:3002/_next/static/chunks/node_modules_next_dist_1e8vcs8._.js:776
[   53966ms] [LOG] [Fast Refresh] done in 236ms @ http://localhost:3002/_next/static/chunks/node_modules_next_dist_1e8vcs8._.js:776
[   54018ms] [LOG] [Fast Refresh] done in 236ms @ http://localhost:3002/_next/static/chunks/node_modules_next_dist_1e8vcs8._.js:776
[   54071ms] [LOG] [Fast Refresh] done in 236ms @ http://localhost:3002/_next/static/chunks/node_modules_next_dist_1e8vcs8._.js:776
[   54135ms] [LOG] [Fast Refresh] done in 236ms @ http://localhost:3002/_next/static/chunks/node_modules_next_dist_1e8vcs8._.js:776
[   54194ms] [LOG] [Fast Refresh] done in 236ms @ http://localhost:3002/_next/static/chunks/node_modules_next_dist_1e8vcs8._.js:776
[   54252ms] [LOG] [Fast Refresh] done in 236ms @ http://localhost:3002/_next/static/chunks/node_modules_next_dist_1e8vcs8._.js:776
[   54309ms] [LOG] [Fast Refresh] done in 236ms @ http://localhost:3002/_next/static/chunks/node_modules_next_dist_1e8vcs8._.js:776
[   54369ms] [LOG] [Fast Refresh] done in 236ms @ http://localhost:3002/_next/static/chunks/node_modules_next_dist_1e8vcs8._.js:776
[   54421ms] [LOG] [Fast Refresh] done in 236ms @ http://localhost:3002/_next/static/chunks/node_modules_next_dist_1e8vcs8._.js:776
[   54474ms] [LOG] [Fast Refresh] done in 236ms @ http://localhost:3002/_next/static/chunks/node_modules_next_dist_1e8vcs8._.js:776
[   54525ms] [LOG] [Fast Refresh] done in 236ms @ http://localhost:3002/_next/static/chunks/node_modules_next_dist_1e8vcs8._.js:776
[   54574ms] [LOG] [Fast Refresh] done in 236ms @ http://localhost:3002/_next/static/chunks/node_modules_next_dist_1e8vcs8._.js:776
[   54614ms] [LOG] [Fast Refresh] done in 236ms @ http://localhost:3002/_next/static/chunks/node_modules_next_dist_1e8vcs8._.js:776
[   54664ms] [LOG] [Fast Refresh] done in 236ms @ http://localhost:3002/_next/static/chunks/node_modules_next_dist_1e8vcs8._.js:776
[   54714ms] [LOG] [Fast Refresh] done in 236ms @ http://localhost:3002/_next/static/chunks/node_modules_next_dist_1e8vcs8._.js:776
[   54764ms] [LOG] [Fast Refresh] done in 236ms @ http://localhost:3002/_next/static/chunks/node_modules_next_dist_1e8vcs8._.js:776
[   54815ms] [LOG] [Fast Refresh] done in 236ms @ http://localhost:3002/_next/static/chunks/node_modules_next_dist_1e8vcs8._.js:776
[   54863ms] [LOG] [Fast Refresh] done in 236ms @ http://localhost:3002/_next/static/chunks/node_modules_next_dist_1e8vcs8._.js:776
[   54914ms] [LOG] [Fast Refresh] done in 236ms @ http://localhost:3002/_next/static/chunks/node_modules_next_dist_1e8vcs8._.js:776
[   54965ms] [LOG] [Fast Refresh] done in 236ms @ http://localhost:3002/_next/static/chunks/node_modules_next_dist_1e8vcs8._.js:776
[   55019ms] [LOG] [Fast Refresh] done in 236ms @ http://localhost:3002/_next/static/chunks/node_modules_next_dist_1e8vcs8._.js:776
[   55070ms] [LOG] [Fast Refresh] done in 236ms @ http://localhost:3002/_next/static/chunks/node_modules_next_dist_1e8vcs8._.js:776
[   55125ms] [LOG] [Fast Refresh] done in 236ms @ http://localhost:3002/_next/static/chunks/node_modules_next_dist_1e8vcs8._.js:776
[   55179ms] [LOG] [Fast Refresh] done in 236ms @ http://localhost:3002/_next/static/chunks/node_modules_next_dist_1e8vcs8._.js:776
[   55231ms] [LOG] [Fast Refresh] done in 236ms @ http://localhost:3002/_next/static/chunks/node_modules_next_dist_1e8vcs8._.js:776
[   55279ms] [LOG] [Fast Refresh] done in 236ms @ http://localhost:3002/_next/static/chunks/node_modules_next_dist_1e8vcs8._.js:776
[   55329ms] [LOG] [Fast Refresh] done in 236ms @ http://localhost:3002/_next/static/chunks/node_modules_next_dist_1e8vcs8._.js:776
[   55378ms] [LOG] [Fast Refresh] done in 236ms @ http://localhost:3002/_next/static/chunks/node_modules_next_dist_1e8vcs8._.js:776
[   55431ms] [LOG] [Fast Refresh] done in 236ms @ http://localhost:3002/_next/static/chunks/node_modules_next_dist_1e8vcs8._.js:776
[   55480ms] [LOG] [Fast Refresh] done in 236ms @ http://localhost:3002/_next/static/chunks/node_modules_next_dist_1e8vcs8._.js:776
[   55528ms] [LOG] [Fast Refresh] done in 236ms @ http://localhost:3002/_next/static/chunks/node_modules_next_dist_1e8vcs8._.js:776
[   55579ms] [LOG] [Fast Refresh] done in 236ms @ http://localhost:3002/_next/static/chunks/node_modules_next_dist_1e8vcs8._.js:776
[   55629ms] [LOG] [Fast Refresh] done in 236ms @ http://localhost:3002/_next/static/chunks/node_modules_next_dist_1e8vcs8._.js:776
[   55679ms] [LOG] [Fast Refresh] done in 236ms @ http://localhost:3002/_next/static/chunks/node_modules_next_dist_1e8vcs8._.js:776
[   55729ms] [LOG] [Fast Refresh] done in 236ms @ http://localhost:3002/_next/static/chunks/node_modules_next_dist_1e8vcs8._.js:776
[   55779ms] [LOG] [Fast Refresh] done in 236ms @ http://localhost:3002/_next/static/chunks/node_modules_next_dist_1e8vcs8._.js:776
[   55835ms] [LOG] [Fast Refresh] done in 236ms @ http://localhost:3002/_next/static/chunks/node_modules_next_dist_1e8vcs8._.js:776
[   55892ms] [LOG] [Fast Refresh] done in 236ms @ http://localhost:3002/_next/static/chunks/node_modules_next_dist_1e8vcs8._.js:776
[   55950ms] [LOG] [Fast Refresh] done in 236ms @ http://localhost:3002/_next/static/chunks/node_modules_next_dist_1e8vcs8._.js:776
[   56000ms] [LOG] [Fast Refresh] done in 236ms @ http://localhost:3002/_next/static/chunks/node_modules_next_dist_1e8vcs8._.js:776
[   56053ms] [LOG] [Fast Refresh] done in 236ms @ http://localhost:3002/_next/static/chunks/node_modules_next_dist_1e8vcs8._.js:776
[   56103ms] [LOG] [Fast Refresh] done in 236ms @ http://localhost:3002/_next/static/chunks/node_modules_next_dist_1e8vcs8._.js:776
[   56151ms] [LOG] [Fast Refresh] done in 236ms @ http://localhost:3002/_next/static/chunks/node_modules_next_dist_1e8vcs8._.js:776
[   56203ms] [LOG] [Fast Refresh] done in 236ms @ http://localhost:3002/_next/static/chunks/node_modules_next_dist_1e8vcs8._.js:776
[   56252ms] [LOG] [Fast Refresh] done in 236ms @ http://localhost:3002/_next/static/chunks/node_modules_next_dist_1e8vcs8._.js:776
[   56303ms] [LOG] [Fast Refresh] done in 236ms @ http://localhost:3002/_next/static/chunks/node_modules_next_dist_1e8vcs8._.js:776
[   56352ms] [LOG] [Fast Refresh] done in 236ms @ http://localhost:3002/_next/static/chunks/node_modules_next_dist_1e8vcs8._.js:776
[   56416ms] [LOG] [Fast Refresh] done in 236ms @ http://localhost:3002/_next/static/chunks/node_modules_next_dist_1e8vcs8._.js:776
[   56469ms] [LOG] [Fast Refresh] done in 236ms @ http://localhost:3002/_next/static/chunks/node_modules_next_dist_1e8vcs8._.js:776
[   56521ms] [LOG] [Fast Refresh] done in 236ms @ http://localhost:3002/_next/static/chunks/node_modules_next_dist_1e8vcs8._.js:776
[   56574ms] [LOG] [Fast Refresh] done in 236ms @ http://localhost:3002/_next/static/chunks/node_modules_next_dist_1e8vcs8._.js:776
[   56625ms] [LOG] [Fast Refresh] done in 236ms @ http://localhost:3002/_next/static/chunks/node_modules_next_dist_1e8vcs8._.js:776
[   56676ms] [LOG] [Fast Refresh] done in 236ms @ http://localhost:3002/_next/static/chunks/node_modules_next_dist_1e8vcs8._.js:776
[   56724ms] [LOG] [Fast Refresh] done in 236ms @ http://localhost:3002/_next/static/chunks/node_modules_next_dist_1e8vcs8._.js:776
[   56777ms] [LOG] [Fast Refresh] done in 236ms @ http://localhost:3002/_next/static/chunks/node_modules_next_dist_1e8vcs8._.js:776
[   56843ms] [LOG] [Fast Refresh] done in 236ms @ http://localhost:3002/_next/static/chunks/node_modules_next_dist_1e8vcs8._.js:776
[   56892ms] [LOG] [Fast Refresh] done in 236ms @ http://localhost:3002/_next/static/chunks/node_modules_next_dist_1e8vcs8._.js:776
[   56944ms] [LOG] [Fast Refresh] done in 236ms @ http://localhost:3002/_next/static/chunks/node_modules_next_dist_1e8vcs8._.js:776
[   56994ms] [LOG] [Fast Refresh] done in 236ms @ http://localhost:3002/_next/static/chunks/node_modules_next_dist_1e8vcs8._.js:776
[   57045ms] [LOG] [Fast Refresh] done in 236ms @ http://localhost:3002/_next/static/chunks/node_modules_next_dist_1e8vcs8._.js:776
[   57092ms] [LOG] [Fast Refresh] done in 236ms @ http://localhost:3002/_next/static/chunks/node_modules_next_dist_1e8vcs8._.js:776
[   57145ms] [LOG] [Fast Refresh] done in 236ms @ http://localhost:3002/_next/static/chunks/node_modules_next_dist_1e8vcs8._.js:776
[   57198ms] [LOG] [Fast Refresh] done in 236ms @ http://localhost:3002/_next/static/chunks/node_modules_next_dist_1e8vcs8._.js:776
[   57248ms] [LOG] [Fast Refresh] done in 236ms @ http://localhost:3002/_next/static/chunks/node_modules_next_dist_1e8vcs8._.js:776
[   57303ms] [LOG] [Fast Refresh] done in 236ms @ http://localhost:3002/_next/static/chunks/node_modules_next_dist_1e8vcs8._.js:776
[   57357ms] [LOG] [Fast Refresh] done in 236ms @ http://localhost:3002/_next/static/chunks/node_modules_next_dist_1e8vcs8._.js:776
[   57406ms] [LOG] [Fast Refresh] done in 236ms @ http://localhost:3002/_next/static/chunks/node_modules_next_dist_1e8vcs8._.js:776
[   57459ms] [LOG] [Fast Refresh] done in 236ms @ http://localhost:3002/_next/static/chunks/node_modules_next_dist_1e8vcs8._.js:776
[   57534ms] [LOG] [Fast Refresh] done in 236ms @ http://localhost:3002/_next/static/chunks/node_modules_next_dist_1e8vcs8._.js:776
[   57587ms] [LOG] [Fast Refresh] done in 236ms @ http://localhost:3002/_next/static/chunks/node_modules_next_dist_1e8vcs8._.js:776
[   57639ms] [LOG] [Fast Refresh] done in 236ms @ http://localhost:3002/_next/static/chunks/node_modules_next_dist_1e8vcs8._.js:776
[   57693ms] [LOG] [Fast Refresh] done in 236ms @ http://localhost:3002/_next/static/chunks/node_modules_next_dist_1e8vcs8._.js:776
[   57745ms] [LOG] [Fast Refresh] done in 236ms @ http://localhost:3002/_next/static/chunks/node_modules_next_dist_1e8vcs8._.js:776
[   57797ms] [LOG] [Fast Refresh] done in 236ms @ http://localhost:3002/_next/static/chunks/node_modules_next_dist_1e8vcs8._.js:776
[   57842ms] [LOG] [Fast Refresh] done in 236ms @ http://localhost:3002/_next/static/chunks/node_modules_next_dist_1e8vcs8._.js:776
[   57893ms] [LOG] [Fast Refresh] done in 236ms @ http://localhost:3002/_next/static/chunks/node_modules_next_dist_1e8vcs8._.js:776
[   57942ms] [LOG] [Fast Refresh] done in 236ms @ http://localhost:3002/_next/static/chunks/node_modules_next_dist_1e8vcs8._.js:776
[   57993ms] [LOG] [Fast Refresh] done in 236ms @ http://localhost:3002/_next/static/chunks/node_modules_next_dist_1e8vcs8._.js:776
[   58044ms] [LOG] [Fast Refresh] done in 236ms @ http://localhost:3002/_next/static/chunks/node_modules_next_dist_1e8vcs8._.js:776
[   58102ms] [LOG] [Fast Refresh] done in 236ms @ http://localhost:3002/_next/static/chunks/node_modules_next_dist_1e8vcs8._.js:776
[   58172ms] [LOG] [Fast Refresh] done in 236ms @ http://localhost:3002/_next/static/chunks/node_modules_next_dist_1e8vcs8._.js:776
[   58245ms] [LOG] [Fast Refresh] done in 236ms @ http://localhost:3002/_next/static/chunks/node_modules_next_dist_1e8vcs8._.js:776
[   58283ms] [LOG] [Fast Refresh] done in 236ms @ http://localhost:3002/_next/static/chunks/node_modules_next_dist_1e8vcs8._.js:776
[   58333ms] [LOG] [Fast Refresh] done in 236ms @ http://localhost:3002/_next/static/chunks/node_modules_next_dist_1e8vcs8._.js:776
[   58385ms] [LOG] [Fast Refresh] done in 236ms @ http://localhost:3002/_next/static/chunks/node_modules_next_dist_1e8vcs8._.js:776
[   58433ms] [LOG] [Fast Refresh] done in 236ms @ http://localhost:3002/_next/static/chunks/node_modules_next_dist_1e8vcs8._.js:776
[   58482ms] [LOG] [Fast Refresh] done in 236ms @ http://localhost:3002/_next/static/chunks/node_modules_next_dist_1e8vcs8._.js:776
[   58533ms] [LOG] [Fast Refresh] done in 236ms @ http://localhost:3002/_next/static/chunks/node_modules_next_dist_1e8vcs8._.js:776
[   58583ms] [LOG] [Fast Refresh] done in 236ms @ http://localhost:3002/_next/static/chunks/node_modules_next_dist_1e8vcs8._.js:776
[   58634ms] [LOG] [Fast Refresh] done in 236ms @ http://localhost:3002/_next/static/chunks/node_modules_next_dist_1e8vcs8._.js:776
[   58686ms] [LOG] [Fast Refresh] done in 236ms @ http://localhost:3002/_next/static/chunks/node_modules_next_dist_1e8vcs8._.js:776
[   58741ms] [LOG] [Fast Refresh] done in 236ms @ http://localhost:3002/_next/static/chunks/node_modules_next_dist_1e8vcs8._.js:776
[   58793ms] [LOG] [Fast Refresh] done in 236ms @ http://localhost:3002/_next/static/chunks/node_modules_next_dist_1e8vcs8._.js:776
